Component: ARM Compiler 5.06 update 6 (build 750) Tool: armlink [4d35ed]

==============================================================================

Section Cross References

    main.o(.text) refers to f2d.o(x$fpl$f2d) for __aeabi_f2d
    main.o(.text) refers to sqrt.o(i.__hardfp_sqrt) for __hardfp_sqrt
    main.o(.text) refers to d2f.o(x$fpl$d2f) for __aeabi_d2f
    main.o(.text) refers to delay.o(.text) for delay_init
    main.o(.text) refers to lcd_init.o(.text) for LCD_Init
    main.o(.text) refers to lcd.o(.text) for LCD_Fill
    main.o(.text) refers to usart.o(.text) for uart_init
    main.o(.text) refers to noretval__2printf.o(.text) for __2printf
    main.o(.text) refers to misc.o(.text) for NVIC_PriorityGroupConfig
    main.o(.text) refers to adc.o(.text) for Adc_Init
    main.o(.text) refers to stm32f4xx_tim.o(.text) for TIM_Cmd
    main.o(.text) refers to arm_cfft_f32.o(.text) for arm_cfft_f32
    main.o(.text) refers to main.o(.data) for Fs
    main.o(.text) refers to main.o(.bss) for fft_inputbuf
    main.o(.text) refers to adc.o(.bss) for ADCdata
    main.o(.text) refers to main.o(.constdata) for arm_cfft_sR_f32_len1024
    main.o(.text) refers to arm_cmplx_mag_f32.o(.text) for arm_cmplx_mag_f32
    main.o(.constdata) refers to arm_common_tables.o(.constdata) for twiddleCoef_16
    main.o(.constdata) refers to arm_common_tables.o(.constdata) for armBitRevIndexTable16
    main.o(.constdata) refers to arm_common_tables.o(.constdata) for twiddleCoef_32
    main.o(.constdata) refers to arm_common_tables.o(.constdata) for armBitRevIndexTable32
    main.o(.constdata) refers to arm_common_tables.o(.constdata) for twiddleCoef_64
    main.o(.constdata) refers to arm_common_tables.o(.constdata) for armBitRevIndexTable64
    main.o(.constdata) refers to arm_common_tables.o(.constdata) for twiddleCoef_128
    main.o(.constdata) refers to arm_common_tables.o(.constdata) for armBitRevIndexTable128
    main.o(.constdata) refers to arm_common_tables.o(.constdata) for twiddleCoef_256
    main.o(.constdata) refers to arm_common_tables.o(.constdata) for armBitRevIndexTable256
    main.o(.constdata) refers to arm_common_tables.o(.constdata) for twiddleCoef_512
    main.o(.constdata) refers to arm_common_tables.o(.constdata) for armBitRevIndexTable512
    main.o(.constdata) refers to arm_common_tables.o(.constdata) for twiddleCoef_1024
    main.o(.constdata) refers to arm_common_tables.o(.constdata) for armBitRevIndexTable1024
    main.o(.constdata) refers to arm_common_tables.o(.constdata) for twiddleCoef_2048
    main.o(.constdata) refers to arm_common_tables.o(.constdata) for armBitRevIndexTable2048
    main.o(.constdata) refers to arm_common_tables.o(.constdata) for twiddleCoef_4096
    main.o(.constdata) refers to arm_common_tables.o(.constdata) for armBitRevIndexTable4096
    system_stm32f4xx.o(.text) refers to system_stm32f4xx.o(.data) for SystemCoreClock
    led.o(.text) refers to stm32f4xx_rcc.o(.text) for RCC_AHB1PeriphClockCmd
    led.o(.text) refers to stm32f4xx_gpio.o(.text) for GPIO_Init
    lcd_init.o(.text) refers to stm32f4xx_rcc.o(.text) for RCC_AHB1PeriphClockCmd
    lcd_init.o(.text) refers to stm32f4xx_gpio.o(.text) for GPIO_Init
    lcd_init.o(.text) refers to delay.o(.text) for delay_ms
    lcd.o(.text) refers to lcd_init.o(.text) for LCD_Address_Set
    lcd.o(.text) refers to lcd.o(.constdata) for tfont32
    adc.o(.text) refers to stm32f4xx_rcc.o(.text) for RCC_AHB1PeriphClockCmd
    adc.o(.text) refers to stm32f4xx_dma.o(.text) for DMA_DeInit
    adc.o(.text) refers to misc.o(.text) for NVIC_Init
    adc.o(.text) refers to stm32f4xx_gpio.o(.text) for GPIO_Init
    adc.o(.text) refers to stm32f4xx_adc.o(.text) for ADC_CommonInit
    adc.o(.text) refers to stm32f4xx_tim.o(.text) for TIM_Cmd
    adc.o(.text) refers to adc.o(.bss) for ADCdata
    adc.o(.text) refers to adc.o(.data) for flag_adc
    delay.o(.text) refers to misc.o(.text) for SysTick_CLKSourceConfig
    delay.o(.text) refers to delay.o(.data) for fac_us
    usart.o(.rev16_text) refers (Special) to use_no_semi_2.o(.text) for __use_no_semihosting
    usart.o(.revsh_text) refers (Special) to use_no_semi_2.o(.text) for __use_no_semihosting
    usart.o(.text) refers (Special) to use_no_semi_2.o(.text) for __use_no_semihosting
    usart.o(.text) refers to stm32f4xx_rcc.o(.text) for RCC_AHB1PeriphClockCmd
    usart.o(.text) refers to stm32f4xx_gpio.o(.text) for GPIO_PinAFConfig
    usart.o(.text) refers to stm32f4xx_usart.o(.text) for USART_Init
    usart.o(.text) refers to misc.o(.text) for NVIC_Init
    usart.o(.text) refers to usart.o(.data) for USART_RX_STA
    usart.o(.text) refers to usart.o(.bss) for USART_RX_BUF
    usart.o(.bss) refers (Special) to use_no_semi_2.o(.text) for __use_no_semihosting
    usart.o(.data) refers (Special) to use_no_semi_2.o(.text) for __use_no_semihosting
    startup_stm32f40_41xxx.o(STACK) refers (Special) to heapauxi.o(.text) for __use_two_region_memory
[...]
    .ARM.Collect$$libinit$$00000000          0x08000266   Section        2  libinit.o(.ARM.Collect$$libinit$$00000000)
    .ARM.Collect$$libinit$$00000001          0x08000268   Section        4  libinit2.o(.ARM.Collect$$libinit$$00000001)
    .ARM.Collect$$libinit$$00000004          0x0800026c   Section        0  libinit2.o(.ARM.Collect$$libinit$$00000004)
    .ARM.Collect$$libinit$$0000000A          0x0800026c   Section        0  libinit2.o(.ARM.Collect$$libinit$$0000000A)
    .ARM.Collect$$libinit$$0000000C          0x0800026c   Section        0  libinit2.o(.ARM.Collect$$libinit$$0000000C)
    .ARM.Collect$$libinit$$0000000E          0x0800026c   Section        0  libinit2.o(.ARM.Collect$$libinit$$0000000E)
    .ARM.Collect$$libinit$$00000011          0x0800026c   Section        0  libinit2.o(.ARM.Collect$$libinit$$00000011)
    .ARM.Collect$$libinit$$00000013          0x0800026c   Section        0  libinit2.o(.ARM.Collect$$libinit$$00000013)
    .ARM.Collect$$libinit$$00000015          0x0800026c   Section        0  libinit2.o(.ARM.Collect$$libinit$$00000015)
    .ARM.Collect$$libinit$$00000017          0x0800026c   Section        0  libinit2.o(.ARM.Collect$$libinit$$00000017)
    .ARM.Collect$$libinit$$00000019          0x0800026c   Section        0  libinit2.o(.ARM.Collect$$libinit$$00000019)
    .ARM.Collect$$libinit$$0000001B          0x0800026c   Section        0  libinit2.o(.ARM.Collect$$libinit$$0000001B)
    .ARM.Collect$$libinit$$0000001D          0x0800026c   Section        0  libinit2.o(.ARM.Collect$$libinit$$0000001D)
    .ARM.Collect$$libinit$$0000001F          0x0800026c   Section        0  libinit2.o(.ARM.Collect$$libinit$$0000001F)
    .ARM.Collect$$libinit$$00000021          0x0800026c   Section        0  libinit2.o(.ARM.Collect$$libinit$$00000021)
    .ARM.Collect$$libinit$$00000023          0x0800026c   Section        0  libinit2.o(.ARM.Collect$$libinit$$00000023)
    .ARM.Collect$$libinit$$00000025          0x0800026c   Section        0  libinit2.o(.ARM.Collect$$libinit$$00000025)
    .ARM.Collect$$libinit$$0000002C          0x0800026c   Section        0  libinit2.o(.ARM.Collect$$libinit$$0000002C)
    .ARM.Collect$$libinit$$0000002E          0x0800026c   Section        0  libinit2.o(.ARM.Collect$$libinit$$0000002E)
    .ARM.Collect$$libinit$$00000030          0x0800026c   Section        0  libinit2.o(.ARM.Collect$$libinit$$00000030)
    .ARM.Collect$$libinit$$00000032          0x0800026c   Section        0  libinit2.o(.ARM.Collect$$libinit$$00000032)
    .ARM.Collect$$libinit$$00000033          0x0800026c   Section        2  libinit2.o(.ARM.Collect$$libinit$$00000033)
    .ARM.Collect$$libshutdown$$00000000      0x0800026e   Section        2  libshutdown.o(.ARM.Collect$$libshutdown$$00000000)
    .ARM.Collect$$libshutdown$$00000002      0x08000270   Section        0  libshutdown2.o(.ARM.Collect$$libshutdown$$00000002)
    .ARM.Collect$$libshutdown$$00000004      0x08000270   Section        0  libshutdown2.o(.ARM.Collect$$libshutdown$$00000004)
    .ARM.Collect$$libshutdown$$00000007      0x08000270   Section        0  libshutdown2.o(.ARM.Collect$$libshutdown$$00000007)
    .ARM.Collect$$libshutdown$$0000000A      0x08000270   Section        0  libshutdown2.o(.ARM.Collect$$libshutdown$$0000000A)
    .ARM.Collect$$libshutdown$$0000000C      0x08000270   Section        0  libshutdown2.o(.ARM.Collect$$libshutdown$$0000000C)
    .ARM.Collect$$libshutdown$$0000000F      0x08000270   Section        0  libshutdown2.o(.ARM.Collect$$libshutdown$$0000000F)
    .ARM.Collect$$libshutdown$$00000010      0x08000270   Section        2  libshutdown2.o(.ARM.Collect$$libshutdown$$00000010)
    .ARM.Collect$$rtentry$$00000000          0x08000272   Section        0  __rtentry.o(.ARM.Collect$$rtentry$$00000000)
    .ARM.Collect$$rtentry$$00000002          0x08000272   Section        0  __rtentry2.o(.ARM.Collect$$rtentry$$00000002)
    .ARM.Collect$$rtentry$$00000004          0x08000272   Section        6  __rtentry4.o(.ARM.Collect$$rtentry$$00000004)
    .ARM.Collect$$rtentry$$00000009          0x08000278   Section        0  __rtentry2.o(.ARM.Collect$$rtentry$$00000009)
    .ARM.Collect$$rtentry$$0000000A          0x08000278   Section        4  __rtentry2.o(.ARM.Collect$$rtentry$$0000000A)
    .ARM.Collect$$rtentry$$0000000C          0x0800027c   Section        0  __rtentry2.o(.ARM.Collect$$rtentry$$0000000C)
    .ARM.Collect$$rtentry$$0000000D          0x0800027c   Section        8  __rtentry2.o(.ARM.Collect$$rtentry$$0000000D)
    .ARM.Collect$$rtexit$$00000000           0x08000284   Section        2  rtexit.o(.ARM.Collect$$rtexit$$00000000)
    .ARM.Collect$$rtexit$$00000002           0x08000286   Section        0  rtexit2.o(.ARM.Collect$$rtexit$$00000002)
    .ARM.Collect$$rtexit$$00000003           0x08000286   Section        4  rtexit2.o(.ARM.Collect$$rtexit$$00000003)
    .ARM.Collect$$rtexit$$00000004           0x0800028a   Section        6  rtexit2.o(.ARM.Collect$$rtexit$$00000004)
    .text                                    0x08000290   Section        0  main.o(.text)
    .text                                    0x08000784   Section        0  stm32f4xx_it.o(.text)
    .text                                    0x080007a0   Section        0  system_stm32f4xx.o(.text)
    SetSysClock                              0x080007a1   Thumb Code   220  system_stm32f4xx.o(.text)
    .text                                    0x080009b0   Section        0  lcd_init.o(.text)
    .text                                    0x08000d48   Section        0  lcd.o(.text)
    .text                                    0x080015c8   Section        0  adc.o(.text)
    .text                                    0x08001788   Section        0  delay.o(.text)
    .text                                    0x0800188c   Section        0  usart.o(.text)
    .text                                    0x080019d8   Section       64  startup_stm32f40_41xxx.o(.text)
    $v0                                      0x080019d8   Number         0  startup_stm32f40_41xxx.o(.text)
    .text                                    0x08001a18   Section        0  misc.o(.text)
    .text                                    0x08001af8   Section        0  stm32f4xx_gpio.o(.text)
    .text                                    0x08001d8c   Section        0  stm32f4xx_rcc.o(.text)
    .text                                    0x080023e8   Section        0  stm32f4xx_usart.o(.text)
    .text                                    0x0800283c   Section        0  stm32f4xx_tim.o(.text)
    TI4_Config                               0x08002fdb   Thumb Code    80  stm32f4xx_tim.o(.text)
    TI3_Config                               0x0800303d   Thumb Code    72  stm32f4xx_tim.o(.text)
    TI2_Config                               0x0800309f   Thumb Code    90  stm32f4xx_tim.o(.text)
    TI1_Config                               0x0800310b   Thumb Code    58  stm32f4xx_tim.o(.text)
    .text                                    0x080034e0   Section        0  stm32f4xx_dma.o(.text)
    .text                                    0x08003888   Section        0  stm32f4xx_adc.o(.text)
    .text                                    0x08003cec   Section        0  arm_cmplx_mag_f32.o(.text)
    .text                                    0x08003ddc   Section        0  arm_cfft_f32.o(.text)
    .text                                    0x080044b4   Section        0  arm_cfft_radix8_f32.o(.text)
    .text                                    0x08004990   Section        2  use_no_semi_2.o(.text)
    .text                                    0x08004994   Section        0  noretval__2printf.o(.text)
    .text                                    0x080049ac   Section        0  heapauxi.o(.text)
    .text                                    0x080049b2   Section        2  use_no_semi.o(.text)
    .text                                    0x080049b4   Section        0  _rserrno.o(.text)
    .text                                    0x080049cc   Section        0  _printf_char_file.o(.text)
    .text                                    0x080049f0   Section        8  rt_errno_addr_intlibspace.o(.text)
    .text                                    0x080049f8   Section        0  _printf_char_common.o(.text)
    _printf_input_char                       0x080049f9   Thumb Code    10  _printf_char_common.o(.text)
    .text                                    0x08004a28   Section        0  ferror.o(.text)
    .text                                    0x08004a30   Section        8  libspace.o(.text)
    .text                                    0x08004a38   Section       74  sys_stackheap_outer.o(.text)
    .text                                    0x08004a82   Section        0  __printf_nopercent.o(.text)
    .text                                    0x08004aaa   Section        0  exit.o(.text)
    i.__hardfp_sqrt                          0x08004abc   Section        0  sqrt.o(i.__hardfp_sqrt)
    x$fpl$d2f                                0x08004b38   Section       98  d2f.o(x$fpl$d2f)
    $v0                                      0x08004b38   Number         0  d2f.o(x$fpl$d2f)
    x$fpl$dnaninf                            0x08004b9a   Section      156  dnaninf.o(x$fpl$dnaninf)
    $v0                                      0x08004b9a   Number         0  dnaninf.o(x$fpl$dnaninf)
    x$fpl$dretinf                            0x08004c36   Section       12  dretinf.o(x$fpl$dretinf)
    $v0                                      0x08004c36   Number         0  dretinf.o(x$fpl$dretinf)
    x$fpl$dsqrt                              0x08004c44   Section      408  dsqrt_umaal.o(x$fpl$dsqrt)
    $v0                                      0x08004c44   Number         0  dsqrt_umaal.o(x$fpl$dsqrt)
    x$fpl$f2d                                0x08004ddc   Section       86  f2d.o(x$fpl$f2d)
    $v0                                      0x08004ddc   Number         0  f2d.o(x$fpl$f2d)
    x$fpl$fnaninf                            0x08004e32   Section      140  fnaninf.o(x$fpl$fnaninf)
    $v0                                      0x08004e32   Number         0  fnaninf.o(x$fpl$fnaninf)
    x$fpl$fpinit                             0x08004ebe   Section       10  fpinit.o(x$fpl$fpinit)
    $v0                                      0x08004ebe   Number         0  fpinit.o(x$fpl$fpinit)
    x$fpl$fretinf                            0x08004ec8   Section       10  fretinf.o(x$fpl$fretinf)
    $v0                                      0x08004ec8   Number         0  fretinf.o(x$fpl$fretinf)
    x$fpl$usenofp                            0x08004ed2   Section        0  usenofp.o(x$fpl$usenofp)
    .constdata                               0x08004ed4   Section    16528  main.o(.constdata)
    .constdata                               0x08008f64   Section     8960  lcd.o(.constdata)
    .constdata                               0x0800b264   Section      128  arm_common_tables.o(.constdata)
    .constdata                               0x0800b2e4   Section      256  arm_common_tables.o(.constdata)
    .constdata                               0x0800b3e4   Section      512  arm_common_tables.o(.constdata)
    .constdata                               0x0800b5e4   Section     1024  arm_common_tables.o(.constdata)
    .constdata                               0x0800b9e4   Section     2048  arm_common_tables.o(.constdata)
    .constdata                               0x0800c1e4   Section     4096  arm_common_tables.o(.constdata)
    .constdata                               0x0800d1e4   Section     8192  arm_common_tables.o(.constdata)
    .constdata                               0x0800f1e4   Section    16384  arm_common_tables.o(.constdata)
    .constdata                               0x080131e4   Section    32768  arm_common_tables.o(.constdata)
    .constdata                               0x0801b1e4   Section       40  arm_common_tables.o(.constdata)
    .constdata                               0x0801b20c   Section       96  arm_common_tables.o(.constdata)
    .constdata                               0x0801b26c   Section      112  arm_common_tables.o(.constdata)
    .constdata                               0x0801b2dc   Section      416  arm_common_tables.o(.constdata)
    .constdata                               0x0801b47c   Section      880  arm_common_tables.o(.constdata)
    .constdata                               0x0801b7ec   Section      896  arm_common_tables.o(.constdata)
    .constdata                               0x0801bb6c   Section     3600  arm_common_tables.o(.constdata)
    .constdata                               0x0801c97c   Section     7616  arm_common_tables.o(.constdata)
    .constdata                               0x0801e73c   Section     8064  arm_common_tables.o(.constdata)
    .data                                    0x20000000   Section       92  main.o(.data)
    .data                                    0x2000005c   Section       20  system_stm32f4xx.o(.data)
    .data                                    0x20000070   Section        5  adc.o(.data)
    .data                                    0x20000076   Section        4  delay.o(.data)
    fac_us                                   0x20000076   Data           1  delay.o(.data)
    fac_ms                                   0x20000078   Data           2  delay.o(.data)
    .data                                    0x2000007c   Section        6  usart.o(.data)
    .data                                    0x20000082   Section       16  stm32f4xx_rcc.o(.data)
    APBAHBPrescTable                         0x20000082   Data          16  stm32f4xx_rcc.o(.data)
    .bss                                     0x20000094   Section    12628  main.o(.bss)
    .bss                                     0x200031e8   Section     2080  adc.o(.bss)
    .bss                                     0x20003a08   Section      200  usart.o(.bss)
    .bss                                     0x20003ad0   Section       96  libspace.o(.bss)
    HEAP                                     0x20003b30   Section      512  startup_stm32f40_41xxx.o(HEAP)
    Heap_Mem                                 0x20003b30   Data         512  startup_stm32f40_41xxx.o(HEAP)
    STACK                                    0x20003d30   Section     1024  startup_stm32f40_41xxx.o(STACK)
    Stack_Mem                                0x20003d30   Data        1024  startup_stm32f40_41xxx.o(STACK)
    __initial_sp                             0x20004130   Data           0  startup_stm32f40_41xxx.o(STACK)

    Global Symbols

    Symbol Name                              Value     Ov Type        Size  Object(Section)

    BuildAttributes$$THM_ISAv4$E$P$D$K$B$S$7EM$VFPi3$EXTD16$VFPS$VFMA$PE$A:L22UL41UL21$X:L11$S22US41US21$IEEE1$IW$USESV6$~STKCKD$USESV7$~SHL$OTIME$ROPI$IEEEJ$EBA8$UX$STANDARDLIB$REQ8$PRES8$EABIv2 0x00000000   Number         0  anon$$obj.o ABSOLUTE
    __ARM_use_no_argv                        0x00000000   Number         0  main.o ABSOLUTE
    __ARM_exceptions_init                     - Undefined Weak Reference
    __alloca_initialize                       - Undefined Weak Reference
    __arm_preinit_                            - Undefined Weak Reference
    __cpp_initialize__aeabi_                  - Undefined Weak Reference
    __cxa_finalize                            - Undefined Weak Reference
    __rt_locale                               - Undefined Weak Reference
    __sigvec_lookup                           - Undefined Weak Reference
    _atexit_init                              - Undefined Weak Reference
    _call_atexit_fns                          - Undefined Weak Reference
    _clock_init                               - Undefined Weak Reference
    _fp_trap_init                             - Undefined Weak Reference
    _fp_trap_shutdown                         - Undefined Weak Reference
    _get_lc_collate                           - Undefined Weak Reference
    _get_lc_ctype                             - Undefined Weak Reference
    _get_lc_monetary                          - Undefined Weak Reference
    _get_lc_numeric                           - Undefined Weak Reference
    _get_lc_time                              - Undefined Weak Reference
    _getenv_init                              - Undefined Weak Reference
    _handle_redirection                       - Undefined Weak Reference
    _init_alloc                               - Undefined Weak Reference
    _init_user_alloc                          - Undefined Weak Reference
    _initio                                   - Undefined Weak Reference
    _mutex_acquire                            - Undefined Weak Reference
    _mutex_release                            - Undefined Weak Reference
    _rand_init                                - Undefined Weak Reference
    _signal_finish                            - Undefined Weak Reference
    _signal_init                              - Undefined Weak Reference
    _terminate_alloc                          - Undefined Weak Reference
    _terminate_user_alloc                     - Undefined Weak Reference
    _terminateio                              - Undefined Weak Reference
    __Vectors_Size                           0x00000188   Number         0  startup_stm32f40_41xxx.o ABSOLUTE
    __Vectors                                0x08000000   Data           4  startup_stm32f40_41xxx.o(RESET)
    __Vectors_End                            0x08000188   Data           0  startup_stm32f40_41xxx.o(RESET)
    __main                                   0x08000189   Thumb Code     8  __main.o(!!!main)
    __scatterload                            0x08000191   Thumb Code     0  __scatter.o(!!!scatter)
    __scatterload_rt2                        0x08000191   Thumb Code    44  __scatter.o(!!!scatter)
    __scatterload_rt2_thumb_only             0x08000191   Thumb Code     0  __scatter.o(!!!scatter)
    __scatterload_null                       0x0800019f   Thumb Code     0  __scatter.o(!!!scatter)
    __scatterload_copy                       0x080001c5   Thumb Code    26  __scatter_copy.o(!!handler_copy)
    __scatterload_zeroinit                   0x080001e1   Thumb Code    28  __scatter_zi.o(!!handler_zi)
    arm_bitreversal_32                       0x080001fd   Thumb Code   106  arm_bitreversal2.o(. text)
    __rt_lib_init                            0x08000267   Thumb Code     0  libinit.o(.ARM.Collect$$libinit$$00000000)
    __rt_lib_init_fp_1                       0x08000269   Thumb Code     0  libinit2.o(.ARM.Collect$$libinit$$00000001)
    __rt_lib_init_alloca_1                   0x0800026d   Thumb Code     0  libinit2.o(.ARM.Collect$$libinit$$0000002E)
    __rt_lib_init_argv_1                     0x0800026d   Thumb Code     0  libinit2.o(.ARM.Collect$$libinit$$0000002C)
    __rt_lib_init_atexit_1                   0x0800026d   Thumb Code     0  libinit2.o(.ARM.Collect$$libinit$$0000001B)
    __rt_lib_init_clock_1                    0x0800026d   Thumb Code     0  libinit2.o(.ARM.Collect$$libinit$$00000021)
    __rt_lib_init_cpp_1                      0x0800026d   Thumb Code     0  libinit2.o(.ARM.Collect$$libinit$$00000032)
    __rt_lib_init_exceptions_1               0x0800026d   Thumb Code     0  libinit2.o(.ARM.Collect$$libinit$$00000030)
    __rt_lib_init_fp_trap_1                  0x0800026d   Thumb Code     0  libinit2.o(.ARM.Collect$$libinit$$0000001F)
    __rt_lib_init_getenv_1                   0x0800026d   Thumb Code     0  libinit2.o(.ARM.Collect$$libinit$$00000023)
    __rt_lib_init_heap_1                     0x0800026d   Thumb Code     0  libinit2.o(.ARM.Collect$$libinit$$0000000A)
    __rt_lib_init_lc_collate_1               0x0800026d   Thumb Code     0  libinit2.o(.ARM.Collect$$libinit$$00000011)
    __rt_lib_init_lc_ctype_1                 0x0800026d   Thumb Code     0  libinit2.o(.ARM.Collect$$libinit$$00000013)
    __rt_lib_init_lc_monetary_1              0x0800026d   Thumb Code     0  libinit2.o(.ARM.Collect$$libinit$$00000015)
    __rt_lib_init_lc_numeric_1               0x0800026d   Thumb Code     0  libinit2.o(.ARM.Collect$$libinit$$00000017)
    __rt_lib_init_lc_time_1                  0x0800026d   Thumb Code     0  libinit2.o(.ARM.Collect$$libinit$$00000019)
    __rt_lib_init_preinit_1                  0x0800026d   Thumb Code     0  libinit2.o(.ARM.Collect$$libinit$$00000004)
    __rt_lib_init_rand_1                     0x0800026d   Thumb Code     0  libinit2.o(.ARM.Collect$$libinit$$0000000E)
    __rt_lib_init_return                     0x0800026d   Thumb Code     0  libinit2.o(.ARM.Collect$$libinit$$00000033)
    __rt_lib_init_signal_1                   0x0800026d   Thumb Code     0  libinit2.o(.ARM.Collect$$libinit$$0000001D)
    __rt_lib_init_stdio_1                    0x0800026d   Thumb Code     0  libinit2.o(.ARM.Collect$$libinit$$00000025)
    __rt_lib_init_user_alloc_1               0x0800026d   Thumb Code     0  libinit2.o(.ARM.Collect$$libinit$$0000000C)
    __rt_lib_shutdown                        0x0800026f   Thumb Code     0  libshutdown.o(.ARM.Collect$$libshutdown$$00000000)
    __rt_lib_shutdown_cpp_1                  0x08000271   Thumb Code     0  libshutdown2.o(.ARM.Collect$$libshutdown$$00000002)
    __rt_lib_shutdown_fp_trap_1              0x08000271   Thumb Code     0  libshutdown2.o(.ARM.Collect$$libshutdown$$00000007)
    __rt_lib_shutdown_heap_1                 0x08000271   Thumb Code     0  libshutdown2.o(.ARM.Collect$$libshutdown$$0000000F)
    __rt_lib_shutdown_return                 0x08000271   Thumb Code     0  libshutdown2.o(.ARM.Collect$$libshutdown$$00000010)
    __rt_lib_shutdown_signal_1               0x08000271   Thumb Code     0  libshutdown2.o(.ARM.Collect$$libshutdown$$0000000A)
    __rt_lib_shutdown_stdio_1                0x08000271   Thumb Code     0  libshutdown2.o(.ARM.Collect$$libshutdown$$00000004)
    __rt_lib_shutdown_user_alloc_1           0x08000271   Thumb Code     0  libshutdown2.o(.ARM.Collect$$libshutdown$$0000000C)
    __rt_entry                               0x08000273   Thumb Code     0  __rtentry.o(.ARM.Collect$$rtentry$$00000000)
    __rt_entry_presh_1                       0x08000273   Thumb Code     0  __rtentry2.o(.ARM.Collect$$rtentry$$00000002)
    __rt_entry_sh                            0x08000273   Thumb Code     0  __rtentry4.o(.ARM.Collect$$rtentry$$00000004)
    __rt_entry_li                            0x08000279   Thumb Code     0  __rtentry2.o(.ARM.Collect$$rtentry$$0000000A)
    __rt_entry_postsh_1                      0x08000279   Thumb Code     0  __rtentry2.o(.ARM.Collect$$rtentry$$00000009)
    __rt_entry_main                          0x0800027d   Thumb Code     0  __rtentry2.o(.ARM.Collect$$rtentry$$0000000D)
    __rt_entry_postli_1                      0x0800027d   Thumb Code     0  __rtentry2.o(.ARM.Collect$$rtentry$$0000000C)
    __rt_exit                                0x08000285   Thumb Code     0  rtexit.o(.ARM.Collect$$rtexit$$00000000)
    __rt_exit_ls                             0x08000287   Thumb Code     0  rtexit2.o(.ARM.Collect$$rtexit$$00000003)
    __rt_exit_prels_1                        0x08000287   Thumb Code     0  rtexit2.o(.ARM.Collect$$rtexit$$00000002)
    __rt_exit_exit                           0x0800028b   Thumb Code     0  rtexit2.o(.ARM.Collect$$rtexit$$00000004)
    select_max                               0x08000291   Thumb Code   752  main.o(.text)
    main                                     0x08000581   Thumb Code   490  main.o(.text)
    NMI_Handler                              0x08000785   Thumb Code     2  stm32f4xx_it.o(.text)
    HardFault_Handler                        0x08000787   Thumb Code     4  stm32f4xx_it.o(.text)
    MemManage_Handler                        0x0800078b   Thumb Code     4  stm32f4xx_it.o(.text)
    BusFault_Handler                         0x0800078f   Thumb Code     4  stm32f4xx_it.o(.text)
    UsageFault_Handler                       0x08000793   Thumb Code     4  stm32f4xx_it.o(.text)
    SVC_Handler                              0x08000797   Thumb Code     2  stm32f4xx_it.o(.text)
    DebugMon_Handler                         0x08000799   Thumb Code     2  stm32f4xx_it.o(.text)
    PendSV_Handler                           0x0800079b   Thumb Code     2  stm32f4xx_it.o(.text)
    SysTick_Handler                          0x0800079d   Thumb Code     2  stm32f4xx_it.o(.text)
    SystemInit                               0x0800087d   Thumb Code    88  system_stm32f4xx.o(.text)
    SystemCoreClockUpdate                    0x080008d5   Thumb Code   174  system_stm32f4xx.o(.text)
    LCD_GPIO_Init                            0x080009b1   Thumb Code   152  lcd_init.o(.text)
    LCD_Writ_Bus                             0x08000a49   Thumb Code    78  lcd_init.o(.text)
    LCD_WR_DATA8                             0x08000a97   Thumb Code    12  lcd_init.o(.text)
    LCD_WR_DATA                              0x08000aa3   Thumb Code    18  lcd_init.o(.text)
    LCD_WR_REG                               0x08000ab5   Thumb Code    32  lcd_init.o(.text)
    LCD_Address_Set                          0x08000ad5   Thumb Code    58  lcd_init.o(.text)
    LCD_Init                                 0x08000b0f   Thumb Code   556  lcd_init.o(.text)
    LCD_Fill                                 0x08000d49   Thumb Code    74  lcd.o(.text)
    LCD_DrawPoint                            0x08000d93   Thumb Code    28  lcd.o(.text)
    LCD_DrawLine                             0x08000daf   Thumb Code   172  lcd.o(.text)
    LCD_DrawRectangle                        0x08000e5b   Thumb Code    74  lcd.o(.text)
    Draw_Circle                              0x08000ea5   Thumb Code   158  lcd.o(.text)
    LCD_ShowChinese32x32                     0x08000f43   Thumb Code   254  lcd.o(.text)
    LCD_ShowChinese24x24                     0x08001041   Thumb Code   270  lcd.o(.text)
    LCD_ShowChinese16x16                     0x0800114f   Thumb Code   254  lcd.o(.text)
    LCD_ShowChinese                          0x0800124d   Thumb Code   116  lcd.o(.text)
    LCD_ShowChar                             0x080012c1   Thumb Code   256  lcd.o(.text)
    LCD_ShowString                           0x080013c1   Thumb Code    66  lcd.o(.text)
    mypow                                    0x08001403   Thumb Code    22  lcd.o(.text)
    LCD_ShowIntNum                           0x08001419   Thumb Code   150  lcd.o(.text)
    LCD_ShowFloatNum1                        0x080014af   Thumb Code   174  lcd.o(.text)
    LCD_ShowPicture                          0x0800155d   Thumb Code   104  lcd.o(.text)
    Adc_Init                                 0x080015c9   Thumb Code   326  adc.o(.text)
    DMA2_Stream0_IRQHandler                  0x0800170f   Thumb Code    48  adc.o(.text)
    TIM3_ConfigInit                          0x0800173f   Thumb Code    46  adc.o(.text)
    delay_init                               0x08001789   Thumb Code    52  delay.o(.text)
    delay_us                                 0x080017bd   Thumb Code    72  delay.o(.text)
    delay_xms                                0x08001805   Thumb Code    72  delay.o(.text)
    delay_ms                                 0x0800184d   Thumb Code    56  delay.o(.text)
    _sys_exit                                0x0800188d   Thumb Code     6  usart.o(.text)
    fputc                                    0x08001893   Thumb Code    22  usart.o(.text)
    uart_init                                0x080018a9   Thumb Code   164  usart.o(.text)
    USART1_IRQHandler                        0x0800194d   Thumb Code   122  usart.o(.text)
    Reset_Handler                            0x080019d9   Thumb Code     8  startup_stm32f40_41xxx.o(.text)
    ADC_IRQHandler                           0x080019f3   Thumb Code     0  startup_stm32f40_41xxx.o(.text)
    CAN1_RX0_IRQHandler                      0x080019f3   Thumb Code     0  startup_stm32f40_41xxx.o(.text)
    CAN1_RX1_IRQHandler                      0x080019f3   Thumb Code     0  startup_stm32f40_41xxx.o(.text)
    CAN1_SCE_IRQHandler                      0x080019f3   Thumb Code     0  startup_stm32f40_41xxx.o(.text)
    CAN1_TX_IRQHandler                       0x080019f3   Thumb Code     0  startup_stm32f40_41xxx.o(.text)
    CAN2_RX0_IRQHandler                      0x080019f3   Thumb Code     0  startup_stm32f40_41xxx.o(.text)
    CAN2_RX1_IRQHandler                      0x080019f3   Thumb Code     0  startup_stm32f40_41xxx.o(.text)
    CAN2_SCE_IRQHandler                      0x080019f3   Thumb Code     0  startup_stm32f40_41xxx.o(.text)
    CAN2_TX_IRQHandler                       0x080019f3   Thumb Code     0  startup_stm32f40_41xxx.o(.text)
    CRYP_IRQHandler                          0x080019f3   Thumb Code     0  startup_stm32f40_41xxx.o(.text)
    DCMI_IRQHandler                          0x080019f3   Thumb Code     0  startup_stm32f40_41xxx.o(.text)
    DMA1_Stream0_IRQHandler                  0x080019f3   Thumb Code     0  startup_stm32f40_41xxx.o(.text)
    DMA1_Stream1_IRQHandler                  0x080019f3   Thumb Code     0  startup_stm32f40_41xxx.o(.text)
    DMA1_Stream2_IRQHandler                  0x080019f3   Thumb Code     0  startup_stm32f40_41xxx.o(.text)
    DMA1_Stream3_IRQHandler                  0x080019f3   Thumb Code     0  startup_stm32f40_41xxx.o(.text)
    DMA1_Stream4_IRQHandler                  0x080019f3   Thumb Code     0  startup_stm32f40_41xxx.o(.text)
    DMA1_Stream5_IRQHandler                  0x080019f3   Thumb Code     0  startup_stm32f40_41xxx.o(.text)
    DMA1_Stream6_IRQHandler                  0x080019f3   Thumb Code     0  startup_stm32f40_41xxx.o(.text)
    DMA1_Stream7_IRQHandler                  0x080019f3   Thumb Code     0  startup_stm32f40_41xxx.o(.text)
    DMA2_Stream1_IRQHandler                  0x080019f3   Thumb Code     0  startup_stm32f40_41xxx.o(.text)
    DMA2_Stream2_IRQHandler                  0x080019f3   Thumb Code     0  startup_stm32f40_41xxx.o(.text)
    DMA2_Stream3_IRQHandler                  0x080019f3   Thumb Code     0  startup_stm32f40_41xxx.o(.text)
    DMA2_Stream4_IRQHandler                  0x080019f3   Thumb Code     0  startup_stm32f40_41xxx.o(.text)
    DMA2_Stream5_IRQHandler                  0x080019f3   Thumb Code     0  startup_stm32f40_41xxx.o(.text)
    DMA2_Stream6_IRQHandler                  0x080019f3   Thumb Code     0  startup_stm32f40_41xxx.o(.text)
    DMA2_Stream7_IRQHandler                  0x080019f3   Thumb Code     0  startup_stm32f40_41xxx.o(.text)
    ETH_IRQHandler                           0x080019f3   Thumb Code     0  startup_stm32f40_41xxx.o(.text)
    ETH_WKUP_IRQHandler                      0x080019f3   Thumb Code     0  startup_stm32f40_41xxx.o(.text)
    EXTI0_IRQHandler                         0x080019f3   Thumb Code     0  startup_stm32f40_41xxx.o(.text)
    EXTI15_10_IRQHandler                     0x080019f3   Thumb Code     0  startup_stm32f40_41xxx.o(.text)
    EXTI1_IRQHandler                         0x080019f3   Thumb Code     0  startup_stm32f40_41xxx.o(.text)
    EXTI2_IRQHandler                         0x080019f3   Thumb Code     0  startup_stm32f40_41xxx.o(.text)
    EXTI3_IRQHandler                         0x080019f3   Thumb Code     0  startup_stm32f40_41xxx.o(.text)
    EXTI4_IRQHandler                         0x080019f3   Thumb Code     0  startup_stm32f40_41xxx.o(.text)
    EXTI9_5_IRQHandler                       0x080019f3   Thumb Code     0  startup_stm32f40_41xxx.o(.text)
    FLASH_IRQHandler                         0x080019f3   Thumb Code     0  startup_stm32f40_41xxx.o(.text)
    FPU_IRQHandler                           0x080019f3   Thumb Code     0  startup_stm32f40_41xxx.o(.text)
    FSMC_IRQHandler                          0x080019f3   Thumb Code     0  startup_stm32f40_41xxx.o(.text)
    HASH_RNG_IRQHandler                      0x080019f3   Thumb Code     0  startup_stm32f40_41xxx.o(.text)
    I2C1_ER_IRQHandler                       0x080019f3   Thumb Code     0  startup_stm32f40_41xxx.o(.text)
    I2C1_EV_IRQHandler                       0x080019f3   Thumb Code     0  startup_stm32f40_41xxx.o(.text)
    I2C2_ER_IRQHandler                       0x080019f3   Thumb Code     0  startup_stm32f40_41xxx.o(.text)
    I2C2_EV_IRQHandler                       0x080019f3   Thumb Code     0  startup_stm32f40_41xxx.o(.text)
    I2C3_ER_IRQHandler                       0x080019f3   Thumb Code     0  startup_stm32f40_41xxx.o(.text)
    I2C3_EV_IRQHandler                       0x080019f3   Thumb Code     0  startup_stm32f40_41xxx.o(.text)
    OTG_FS_IRQHandler                        0x080019f3   Thumb Code     0  startup_stm32f40_41xxx.o(.text)
    OTG_FS_WKUP_IRQHandler                   0x080019f3   Thumb Code     0  startup_stm32f40_41xxx.o(.text)
    OTG_HS_EP1_IN_IRQHandler                 0x080019f3   Thumb Code     0  startup_stm32f40_41xxx.o(.text)
    OTG_HS_EP1_OUT_IRQHandler                0x080019f3   Thumb Code     0  startup_stm32f40_41xxx.o(.text)
    OTG_HS_IRQHandler                        0x080019f3   Thumb Code     0  startup_stm32f40_41xxx.o(.text)
    OTG_HS_WKUP_IRQHandler                   0x080019f3   Thumb Code     0  startup_stm32f40_41xxx.o(.text)
    PVD_IRQHandler                           0x080019f3   Thumb Code     0  startup_stm32f40_41xxx.o(.text)
    RCC_IRQHandler                           0x080019f3   Thumb Code     0  startup_stm32f40_41xxx.o(.text)
    RTC_Alarm_IRQHandler                     0x080019f3   Thumb Code     0  startup_stm32f40_41xxx.o(.text)
    RTC_WKUP_IRQHandler                      0x080019f3   Thumb Code     0  startup_stm32f40_41xxx.o(.text)
    SDIO_IRQHandler                          0x080019f3   Thumb Code     0  startup_stm32f40_41xxx.o(.text)
    SPI1_IRQHandler                          0x080019f3   Thumb Code     0  startup_stm32f40_41xxx.o(.text)
    SPI2_IRQHandler                          0x080019f3   Thumb Code     0  startup_stm32f40_41xxx.o(.text)
    SPI3_IRQHandler                          0x080019f3   Thumb Code     0  startup_stm32f40_41xxx.o(.text)
    TAMP_STAMP_IRQHandler                    0x080019f3   Thumb Code     0  startup_stm32f40_41xxx.o(.text)
    TIM1_BRK_TIM9_IRQHandler                 0x080019f3   Thumb Code     0  startup_stm32f40_41xxx.o(.text)
    TIM1_CC_IRQHandler                       0x080019f3   Thumb Code     0  startup_stm32f40_41xxx.o(.text)
    TIM1_TRG_COM_TIM11_IRQHandler            0x080019f3   Thumb Code     0  startup_stm32f40_41xxx.o(.text)
    TIM1_UP_TIM10_IRQHandler                 0x080019f3   Thumb Code     0  startup_stm32f40_41xxx.o(.text)
    TIM2_IRQHandler                          0x080019f3   Thumb Code     0  startup_stm32f40_41xxx.o(.text)
    TIM3_IRQHandler                          0x080019f3   Thumb Code     0  startup_stm32f40_41xxx.o(.text)
    TIM4_IRQHandler                          0x080019f3   Thumb Code     0  startup_stm32f40_41xxx.o(.text)
    TIM5_IRQHandler                          0x080019f3   Thumb Code     0  startup_stm32f40_41xxx.o(.text)
    TIM6_DAC_IRQHandler                      0x080019f3   Thumb Code     0  startup_stm32f40_41xxx.o(.text)
    TIM7_IRQHandler                          0x080019f3   Thumb Code     0  startup_stm32f40_41xxx.o(.text)
    TIM8_BRK_TIM12_IRQHandler                0x080019f3   Thumb Code     0  startup_stm32f40_41xxx.o(.text)
    TIM8_CC_IRQHandler                       0x080019f3   Thumb Code     0  startup_stm32f40_41xxx.o(.text)
    TIM8_TRG_COM_TIM14_IRQHandler            0x080019f3   Thumb Code     0  startup_stm32f40_41xxx.o(.text)
    TIM8_UP_TIM13_IRQHandler                 0x080019f3   Thumb Code     0  startup_stm32f40_41xxx.o(.text)
    UART4_IRQHandler                         0x080019f3   Thumb Code     0  startup_stm32f40_41xxx.o(.text)
    UART5_IRQHandler                         0x080019f3   Thumb Code     0  startup_stm32f40_41xxx.o(.text)
    USART2_IRQHandler                        0x080019f3   Thumb Code     0  startup_stm32f40_41xxx.o(.text)
    USART3_IRQHandler                        0x080019f3   Thumb Code     0  startup_stm32f40_41xxx.o(.text)
    USART6_IRQHandler                        0x080019f3   Thumb Code     0  startup_stm32f40_41xxx.o(.text)
    WWDG_IRQHandler                          0x080019f3   Thumb Code     0  startup_stm32f40_41xxx.o(.text)
    __user_initial_stackheap                 0x080019f5   Thumb Code     0  startup_stm32f40_41xxx.o(.text)
    NVIC_PriorityGroupConfig                 0x08001a19   Thumb Code    10  misc.o(.text)
    NVIC_Init                                0x08001a23   Thumb Code   106  misc.o(.text)
    NVIC_SetVectorTable                      0x08001a8d   Thumb Code    14  misc.o(.text)
    NVIC_SystemLPConfig                      0x08001a9b   Thumb Code    34  misc.o(.text)
    SysTick_CLKSourceConfig                  0x08001abd   Thumb Code    40  misc.o(.text)
    GPIO_DeInit                              0x08001af9   Thumb Code   268  stm32f4xx_gpio.o(.text)
    GPIO_Init                                0x08001c05   Thumb Code   144  stm32f4xx_gpio.o(.text)
    GPIO_StructInit                          0x08001c95   Thumb Code    18  stm32f4xx_gpio.o(.text)
    GPIO_PinLockConfig                       0x08001ca7   Thumb Code    34  stm32f4xx_gpio.o(.text)
    GPIO_ReadInputDataBit                    0x08001cc9   Thumb Code    18  stm32f4xx_gpio.o(.text)
    GPIO_ReadInputData                       0x08001cdb   Thumb Code     8  stm32f4xx_gpio.o(.text)
    GPIO_ReadOutputDataBit                   0x08001ce3   Thumb Code    18  stm32f4xx_gpio.o(.text)
    GPIO_ReadOutputData                      0x08001cf5   Thumb Code     8  stm32f4xx_gpio.o(.text)
    GPIO_SetBits                             0x08001cfd   Thumb Code     4  stm32f4xx_gpio.o(.text)
    GPIO_ResetBits                           0x08001d01   Thumb Code     4  stm32f4xx_gpio.o(.text)
    GPIO_WriteBit                            0x08001d05   Thumb Code    10  stm32f4xx_gpio.o(.text)
    GPIO_Write                               0x08001d0f   Thumb Code     4  stm32f4xx_gpio.o(.text)
    GPIO_ToggleBits                          0x08001d13   Thumb Code     8  stm32f4xx_gpio.o(.text)
    GPIO_PinAFConfig                         0x08001d1b   Thumb Code    70  stm32f4xx_gpio.o(.text)
    RCC_DeInit                               0x08001d8d   Thumb Code    82  stm32f4xx_rcc.o(.text)
    RCC_HSEConfig                            0x08001ddf   Thumb Code    14  stm32f4xx_rcc.o(.text)
    RCC_GetFlagStatus                        0x08001ded   Thumb Code    60  stm32f4xx_rcc.o(.text)
    RCC_WaitForHSEStartUp                    0x08001e29   Thumb Code    56  stm32f4xx_rcc.o(.text)
    RCC_AdjustHSICalibrationValue            0x08001e61   Thumb Code    20  stm32f4xx_rcc.o(.text)
    RCC_HSICmd                               0x08001e75   Thumb Code     6  stm32f4xx_rcc.o(.text)
    RCC_LSEConfig                            0x08001e7b   Thumb Code    46  stm32f4xx_rcc.o(.text)
    RCC_LSICmd                               0x08001ea9   Thumb Code     6  stm32f4xx_rcc.o(.text)
    RCC_PLLConfig                            0x08001eaf   Thumb Code    32  stm32f4xx_rcc.o(.text)
    RCC_PLLCmd                               0x08001ecf   Thumb Code     6  stm32f4xx_rcc.o(.text)
    RCC_PLLI2SConfig                         0x08001ed5   Thumb Code    14  stm32f4xx_rcc.o(.text)
    RCC_PLLI2SCmd                            0x08001ee3   Thumb Code     6  stm32f4xx_rcc.o(.text)
    RCC_PLLSAIConfig                         0x08001ee9   Thumb Code    20  stm32f4xx_rcc.o(.text)
    RCC_PLLSAICmd                            0x08001efd   Thumb Code     6  stm32f4xx_rcc.o(.text)
    RCC_ClockSecuritySystemCmd               0x08001f03   Thumb Code     6  stm32f4xx_rcc.o(.text)
    RCC_MCO1Config                           0x08001f09   Thumb Code    28  stm32f4xx_rcc.o(.text)
    RCC_MCO2Config                           0x08001f25   Thumb Code    28  stm32f4xx_rcc.o(.text)
    RCC_SYSCLKConfig                         0x08001f41   Thumb Code    20  stm32f4xx_rcc.o(.text)
    RCC_GetSYSCLKSource                      0x08001f55   Thumb Code    12  stm32f4xx_rcc.o(.text)
    RCC_HCLKConfig                           0x08001f61   Thumb Code    20  stm32f4xx_rcc.o(.text)
    RCC_PCLK1Config                          0x08001f75   Thumb Code    20  stm32f4xx_rcc.o(.text)
    RCC_PCLK2Config                          0x08001f89   Thumb Code    22  stm32f4xx_rcc.o(.text)
    RCC_GetClocksFreq                        0x08001f9f   Thumb Code   222  stm32f4xx_rcc.o(.text)
    RCC_RTCCLKConfig                         0x0800207d   Thumb Code    54  stm32f4xx_rcc.o(.text)
    RCC_RTCCLKCmd                            0x080020b3   Thumb Code     8  stm32f4xx_rcc.o(.text)
    RCC_BackupResetCmd                       0x080020bb   Thumb Code     8  stm32f4xx_rcc.o(.text)
    RCC_I2SCLKConfig                         0x080020c3   Thumb Code     6  stm32f4xx_rcc.o(.text)
    RCC_SAIPLLI2SClkDivConfig                0x080020c9   Thumb Code    26  stm32f4xx_rcc.o(.text)
    RCC_SAIPLLSAIClkDivConfig                0x080020e3   Thumb Code    28  stm32f4xx_rcc.o(.text)
    RCC_SAIBlockACLKConfig                   0x080020ff   Thumb Code    20  stm32f4xx_rcc.o(.text)
    RCC_SAIBlockBCLKConfig                   0x08002113   Thumb Code    20  stm32f4xx_rcc.o(.text)
    RCC_LTDCCLKDivConfig                     0x08002127   Thumb Code    20  stm32f4xx_rcc.o(.text)
    RCC_TIMCLKPresConfig                     0x0800213b   Thumb Code     6  stm32f4xx_rcc.o(.text)
    RCC_AHB1PeriphClockCmd                   0x08002141   Thumb Code    34  stm32f4xx_rcc.o(.text)
    RCC_AHB2PeriphClockCmd                   0x08002163   Thumb Code    78  stm32f4xx_rcc.o(.text)
    RCC_AHB3PeriphClockCmd                   0x080021b1   Thumb Code    34  stm32f4xx_rcc.o(.text)
    RCC_APB1PeriphClockCmd                   0x080021d3   Thumb Code    34  stm32f4xx_rcc.o(.text)
    RCC_APB2PeriphClockCmd                   0x080021f5   Thumb Code    34  stm32f4xx_rcc.o(.text)
    RCC_AHB1PeriphResetCmd                   0x08002217   Thumb Code    34  stm32f4xx_rcc.o(.text)
    RCC_AHB2PeriphResetCmd                   0x08002239   Thumb Code    34  stm32f4xx_rcc.o(.text)
    RCC_AHB3PeriphResetCmd                   0x0800225b   Thumb Code    34  stm32f4xx_rcc.o(.text)
    RCC_APB1PeriphResetCmd                   0x0800227d   Thumb Code    34  stm32f4xx_rcc.o(.text)
    RCC_APB2PeriphResetCmd                   0x0800229f   Thumb Code    34  stm32f4xx_rcc.o(.text)
    RCC_AHB1PeriphClockLPModeCmd             0x080022c1   Thumb Code    34  stm32f4xx_rcc.o(.text)
    RCC_AHB2PeriphClockLPModeCmd             0x080022e3   Thumb Code    34  stm32f4xx_rcc.o(.text)
    RCC_AHB3PeriphClockLPModeCmd             0x08002305   Thumb Code    34  stm32f4xx_rcc.o(.text)
    RCC_APB1PeriphClockLPModeCmd             0x08002327   Thumb Code    34  stm32f4xx_rcc.o(.text)
    RCC_APB2PeriphClockLPModeCmd             0x08002349   Thumb Code    34  stm32f4xx_rcc.o(.text)
    RCC_LSEModeConfig                        0x0800236b   Thumb Code    40  stm32f4xx_rcc.o(.text)
    RCC_ITConfig                             0x08002393   Thumb Code    34  stm32f4xx_rcc.o(.text)
    RCC_ClearFlag                            0x080023b5   Thumb Code    18  stm32f4xx_rcc.o(.text)
    RCC_GetITStatus                          0x080023c7   Thumb Code    22  stm32f4xx_rcc.o(.text)
    RCC_ClearITPendingBit                    0x080023dd   Thumb Code     8  stm32f4xx_rcc.o(.text)
    USART_DeInit                             0x080023e9   Thumb Code   206  stm32f4xx_usart.o(.text)
    USART_Init                               0x080024b7   Thumb Code   204  stm32f4xx_usart.o(.text)
    USART_StructInit                         0x08002583   Thumb Code    24  stm32f4xx_usart.o(.text)
    USART_ClockInit                          0x0800259b   Thumb Code    32  stm32f4xx_usart.o(.text)
    USART_ClockStructInit                    0x080025bb   Thumb Code    12  stm32f4xx_usart.o(.text)
    USART_Cmd                                0x080025c7   Thumb Code    24  stm32f4xx_usart.o(.text)
    USART_SetPrescaler                       0x080025df   Thumb Code    16  stm32f4xx_usart.o(.text)
    USART_OverSampling8Cmd                   0x080025ef   Thumb Code    22  stm32f4xx_usart.o(.text)
    USART_OneBitMethodCmd                    0x08002605   Thumb Code    24  stm32f4xx_usart.o(.text)
    USART_SendData                           0x0800261d   Thumb Code     8  stm32f4xx_usart.o(.text)
    USART_ReceiveData                        0x08002625   Thumb Code    10  stm32f4xx_usart.o(.text)
    USART_SetAddress                         0x0800262f   Thumb Code    18  stm32f4xx_usart.o(.text)
    USART_ReceiverWakeUpCmd                  0x08002641   Thumb Code    24  stm32f4xx_usart.o(.text)
    USART_WakeUpConfig                       0x08002659   Thumb Code    18  stm32f4xx_usart.o(.text)
    USART_LINBreakDetectLengthConfig         0x0800266b   Thumb Code    18  stm32f4xx_usart.o(.text)
    USART_LINCmd                             0x0800267d   Thumb Code    24  stm32f4xx_usart.o(.text)
    USART_SendBreak                          0x08002695   Thumb Code    10  stm32f4xx_usart.o(.text)
    USART_HalfDuplexCmd                      0x0800269f   Thumb Code    24  stm32f4xx_usart.o(.text)
    USART_SetGuardTime                       0x080026b7   Thumb Code    16  stm32f4xx_usart.o(.text)
    USART_SmartCardCmd                       0x080026c7   Thumb Code    24  stm32f4xx_usart.o(.text)
    USART_SmartCardNACKCmd                   0x080026df   Thumb Code    24  stm32f4xx_usart.o(.text)
    USART_IrDAConfig                         0x080026f7   Thumb Code    18  stm32f4xx_usart.o(.text)
    USART_IrDACmd                            0x08002709   Thumb Code    24  stm32f4xx_usart.o(.text)
    USART_DMACmd                             0x08002721   Thumb Code    18  stm32f4xx_usart.o(.text)
    USART_ITConfig                           0x08002733   Thumb Code    74  stm32f4xx_usart.o(.text)
    USART_GetFlagStatus                      0x0800277d   Thumb Code    26  stm32f4xx_usart.o(.text)
    USART_ClearFlag                          0x08002797   Thumb Code    18  stm32f4xx_usart.o(.text)
    USART_GetITStatus                        0x080027a9   Thumb Code   118  stm32f4xx_usart.o(.text)
    USART_ClearITPendingBit                  0x0800281f   Thumb Code    30  stm32f4xx_usart.o(.text)
    TIM_DeInit                               0x0800283d   Thumb Code   346  stm32f4xx_tim.o(.text)
    TIM_TimeBaseInit                         0x08002997   Thumb Code   104  stm32f4xx_tim.o(.text)
    TIM_TimeBaseStructInit                   0x080029ff   Thumb Code    18  stm32f4xx_tim.o(.text)
    TIM_PrescalerConfig                      0x08002a11   Thumb Code     6  stm32f4xx_tim.o(.text)
    TIM_CounterModeConfig                    0x08002a17   Thumb Code    18  stm32f4xx_tim.o(.text)
    TIM_SetCounter                           0x08002a29   Thumb Code     4  stm32f4xx_tim.o(.text)
    TIM_SetAutoreload                        0x08002a2d   Thumb Code     4  stm32f4xx_tim.o(.text)
    TIM_GetCounter                           0x08002a31   Thumb Code     6  stm32f4xx_tim.o(.text)
    TIM_GetPrescaler                         0x08002a37   Thumb Code     6  stm32f4xx_tim.o(.text)
    TIM_UpdateDisableConfig                  0x08002a3d   Thumb Code    24  stm32f4xx_tim.o(.text)
    TIM_UpdateRequestConfig                  0x08002a55   Thumb Code    24  stm32f4xx_tim.o(.text)
    TIM_ARRPreloadConfig                     0x08002a6d   Thumb Code    24  stm32f4xx_tim.o(.text)
    TIM_SelectOnePulseMode                   0x08002a85   Thumb Code    18  stm32f4xx_tim.o(.text)
    TIM_SetClockDivision                     0x08002a97   Thumb Code    18  stm32f4xx_tim.o(.text)
    TIM_Cmd                                  0x08002aa9   Thumb Code    24  stm32f4xx_tim.o(.text)
    TIM_OC1Init                              0x08002ac1   Thumb Code   114  stm32f4xx_tim.o(.text)
    TIM_OC2Init                              0x08002b33   Thumb Code   154  stm32f4xx_tim.o(.text)
    TIM_OC3Init                              0x08002bcd   Thumb Code   204  stm32f4xx_tim.o(.text)
    TIM_OC4Init                              0x08002c99   Thumb Code   112  stm32f4xx_tim.o(.text)
    TIM_OCStructInit                         0x08002d09   Thumb Code    20  stm32f4xx_tim.o(.text)
    TIM_SelectOCxM                           0x08002d1d   Thumb Code    86  stm32f4xx_tim.o(.text)
    TIM_SetCompare1                          0x08002d73   Thumb Code     4  stm32f4xx_tim.o(.text)
    TIM_SetCompare2                          0x08002d77   Thumb Code     4  stm32f4xx_tim.o(.text)
    TIM_SetCompare3                          0x08002d7b   Thumb Code     4  stm32f4xx_tim.o(.text)
    TIM_SetCompare4                          0x08002d7f   Thumb Code     4  stm32f4xx_tim.o(.text)
    TIM_ForcedOC1Config                      0x08002d83   Thumb Code    18  stm32f4xx_tim.o(.text)
    TIM_ForcedOC2Config                      0x08002d95   Thumb Code    26  stm32f4xx_tim.o(.text)
    TIM_ForcedOC3Config                      0x08002daf   Thumb Code    18  stm32f4xx_tim.o(.text)
    TIM_ForcedOC4Config                      0x08002dc1   Thumb Code    26  stm32f4xx_tim.o(.text)
    TIM_OC1PreloadConfig                     0x08002ddb   Thumb Code    18  stm32f4xx_tim.o(.text)
    TIM_OC2PreloadConfig                     0x08002ded   Thumb Code    26  stm32f4xx_tim.o(.text)
    TIM_OC3PreloadConfig                     0x08002e07   Thumb Code    18  stm32f4xx_tim.o(.text)
    TIM_OC4PreloadConfig                     0x08002e19   Thumb Code    26  stm32f4xx_tim.o(.text)
    TIM_OC1FastConfig                        0x08002e33   Thumb Code    18  stm32f4xx_tim.o(.text)
    TIM_OC2FastConfig                        0x08002e45   Thumb Code    26  stm32f4xx_tim.o(.text)
    TIM_OC3FastConfig                        0x08002e5f   Thumb Code    18  stm32f4xx_tim.o(.text)
    TIM_OC4FastConfig                        0x08002e71   Thumb Code    26  stm32f4xx_tim.o(.text)
    TIM_ClearOC1Ref                          0x08002e8b   Thumb Code    18  stm32f4xx_tim.o(.text)
    TIM_ClearOC2Ref                          0x08002e9d   Thumb Code    24  stm32f4xx_tim.o(.text)
    TIM_ClearOC3Ref                          0x08002eb5   Thumb Code    18  stm32f4xx_tim.o(.text)
    TIM_ClearOC4Ref                          0x08002ec7   Thumb Code    24  stm32f4xx_tim.o(.text)
    TIM_OC1PolarityConfig                    0x08002edf   Thumb Code    18  stm32f4xx_tim.o(.text)
    TIM_OC1NPolarityConfig                   0x08002ef1   Thumb Code    18  stm32f4xx_tim.o(.text)
    TIM_OC2PolarityConfig                    0x08002f03   Thumb Code    26  stm32f4xx_tim.o(.text)
    TIM_OC2NPolarityConfig                   0x08002f1d   Thumb Code    26  stm32f4xx_tim.o(.text)
    TIM_OC3PolarityConfig                    0x08002f37   Thumb Code    26  stm32f4xx_tim.o(.text)
    TIM_OC3NPolarityConfig                   0x08002f51   Thumb Code    26  stm32f4xx_tim.o(.text)
    TIM_OC4PolarityConfig                    0x08002f6b   Thumb Code    26  stm32f4xx_tim.o(.text)
    TIM_CCxCmd                               0x08002f85   Thumb Code    30  stm32f4xx_tim.o(.text)
    TIM_CCxNCmd                              0x08002fa3   Thumb Code    30  stm32f4xx_tim.o(.text)
    TIM_SetIC4Prescaler                      0x08002fc1   Thumb Code    26  stm32f4xx_tim.o(.text)
    TIM_SetIC3Prescaler                      0x0800302b   Thumb Code    18  stm32f4xx_tim.o(.text)
    TIM_SetIC2Prescaler                      0x08003085   Thumb Code    26  stm32f4xx_tim.o(.text)
    TIM_SetIC1Prescaler                      0x080030f9   Thumb Code    18  stm32f4xx_tim.o(.text)
    TIM_ICInit                               0x08003145   Thumb Code   110  stm32f4xx_tim.o(.text)
    TIM_ICStructInit                         0x080031b3   Thumb Code    18  stm32f4xx_tim.o(.text)
    TIM_PWMIConfig                           0x080031c5   Thumb Code   124  stm32f4xx_tim.o(.text)
    TIM_GetCapture1                          0x08003241   Thumb Code     6  stm32f4xx_tim.o(.text)
    TIM_GetCapture2                          0x08003247   Thumb Code     6  stm32f4xx_tim.o(.text)
    TIM_GetCapture3                          0x0800324d   Thumb Code     6  stm32f4xx_tim.o(.text)
    TIM_GetCapture4                          0x08003253   Thumb Code     6  stm32f4xx_tim.o(.text)
    TIM_BDTRConfig                           0x08003259   Thumb Code    32  stm32f4xx_tim.o(.text)
    TIM_BDTRStructInit                       0x08003279   Thumb Code    18  stm32f4xx_tim.o(.text)
    TIM_CtrlPWMOutputs                       0x0800328b   Thumb Code    30  stm32f4xx_tim.o(.text)
    TIM_SelectCOM                            0x080032a9   Thumb Code    24  stm32f4xx_tim.o(.text)
    TIM_CCPreloadControl                     0x080032c1   Thumb Code    24  stm32f4xx_tim.o(.text)
    TIM_ITConfig                             0x080032d9   Thumb Code    18  stm32f4xx_tim.o(.text)
    TIM_GenerateEvent                        0x080032eb   Thumb Code     4  stm32f4xx_tim.o(.text)
    TIM_GetFlagStatus                        0x080032ef   Thumb Code    18  stm32f4xx_tim.o(.text)
    TIM_ClearFlag                            0x08003301   Thumb Code     6  stm32f4xx_tim.o(.text)
    TIM_GetITStatus                          0x08003307   Thumb Code    34  stm32f4xx_tim.o(.text)
    TIM_ClearITPendingBit                    0x08003329   Thumb Code     6  stm32f4xx_tim.o(.text)
    TIM_DMAConfig                            0x0800332f   Thumb Code    10  stm32f4xx_tim.o(.text)
    TIM_DMACmd                               0x08003339   Thumb Code    18  stm32f4xx_tim.o(.text)
    TIM_SelectCCDMA                          0x0800334b   Thumb Code    24  stm32f4xx_tim.o(.text)
    TIM_InternalClockConfig                  0x08003363   Thumb Code    12  stm32f4xx_tim.o(.text)
    TIM_SelectInputTrigger                   0x0800336f   Thumb Code    18  stm32f4xx_tim.o(.text)
    TIM_ITRxExternalClockConfig              0x08003381   Thumb Code    24  stm32f4xx_tim.o(.text)
    TIM_TIxExternalClockConfig               0x08003399   Thumb Code    62  stm32f4xx_tim.o(.text)
    TIM_ETRConfig                            0x080033d7   Thumb Code    28  stm32f4xx_tim.o(.text)
    TIM_ETRClockMode1Config                  0x080033f3   Thumb Code    54  stm32f4xx_tim.o(.text)
    TIM_ETRClockMode2Config                  0x08003429   Thumb Code    32  stm32f4xx_tim.o(.text)
    TIM_SelectOutputTrigger                  0x08003449   Thumb Code    18  stm32f4xx_tim.o(.text)
    TIM_SelectSlaveMode                      0x0800345b   Thumb Code    18  stm32f4xx_tim.o(.text)
    TIM_SelectMasterSlaveMode                0x0800346d   Thumb Code    18  stm32f4xx_tim.o(.text)
    TIM_EncoderInterfaceConfig               0x0800347f   Thumb Code    66  stm32f4xx_tim.o(.text)
    TIM_SelectHallSensor                     0x080034c1   Thumb Code    24  stm32f4xx_tim.o(.text)
    TIM_RemapConfig                          0x080034d9   Thumb Code     6  stm32f4xx_tim.o(.text)
    DMA_DeInit                               0x080034e1   Thumb Code   324  stm32f4xx_dma.o(.text)
    DMA_Init                                 0x08003625   Thumb Code    82  stm32f4xx_dma.o(.text)
    DMA_StructInit                           0x08003677   Thumb Code    34  stm32f4xx_dma.o(.text)
    DMA_Cmd                                  0x08003699   Thumb Code    22  stm32f4xx_dma.o(.text)
    DMA_PeriphIncOffsetSizeConfig            0x080036af   Thumb Code    22  stm32f4xx_dma.o(.text)
    DMA_FlowControllerConfig                 0x080036c5   Thumb Code    22  stm32f4xx_dma.o(.text)
    DMA_SetCurrDataCounter                   0x080036db   Thumb Code     4  stm32f4xx_dma.o(.text)
    DMA_GetCurrDataCounter                   0x080036df   Thumb Code     8  stm32f4xx_dma.o(.text)
    DMA_DoubleBufferModeConfig               0x080036e7   Thumb Code    24  stm32f4xx_dma.o(.text)
    DMA_DoubleBufferModeCmd                  0x080036ff   Thumb Code    22  stm32f4xx_dma.o(.text)
    DMA_MemoryTargetConfig                   0x08003715   Thumb Code    10  stm32f4xx_dma.o(.text)
    DMA_GetCurrentMemoryTarget               0x0800371f   Thumb Code    20  stm32f4xx_dma.o(.text)
    DMA_GetCmdStatus                         0x08003733   Thumb Code    20  stm32f4xx_dma.o(.text)
    DMA_GetFIFOStatus                        0x08003747   Thumb Code    12  stm32f4xx_dma.o(.text)
    DMA_GetFlagStatus                        0x08003753   Thumb Code    56  stm32f4xx_dma.o(.text)
    DMA_ClearFlag                            0x0800378b   Thumb Code    40  stm32f4xx_dma.o(.text)
    DMA_ITConfig                             0x080037b3   Thumb Code    58  stm32f4xx_dma.o(.text)
    DMA_GetITStatus                          0x080037ed   Thumb Code    84  stm32f4xx_dma.o(.text)
    DMA_ClearITPendingBit                    0x08003841   Thumb Code    40  stm32f4xx_dma.o(.text)
    ADC_DeInit                               0x08003889   Thumb Code    22  stm32f4xx_adc.o(.text)
    ADC_Init                                 0x0800389f   Thumb Code    74  stm32f4xx_adc.o(.text)
    ADC_StructInit                           0x080038e9   Thumb Code    20  stm32f4xx_adc.o(.text)
    ADC_CommonInit                           0x080038fd   Thumb Code    34  stm32f4xx_adc.o(.text)
    ADC_CommonStructInit                     0x0800391f   Thumb Code    12  stm32f4xx_adc.o(.text)
    ADC_Cmd                                  0x0800392b   Thumb Code    22  stm32f4xx_adc.o(.text)
    ADC_AnalogWatchdogCmd                    0x08003941   Thumb Code    16  stm32f4xx_adc.o(.text)
    ADC_AnalogWatchdogThresholdsConfig       0x08003951   Thumb Code     6  stm32f4xx_adc.o(.text)
    ADC_AnalogWatchdogSingleChannelConfig    0x08003957   Thumb Code    16  stm32f4xx_adc.o(.text)
    ADC_TempSensorVrefintCmd                 0x08003967   Thumb Code    34  stm32f4xx_adc.o(.text)
    ADC_VBATCmd                              0x08003989   Thumb Code    34  stm32f4xx_adc.o(.text)
    ADC_RegularChannelConfig                 0x080039ab   Thumb Code   184  stm32f4xx_adc.o(.text)
    ADC_SoftwareStartConv                    0x08003a63   Thumb Code    10  stm32f4xx_adc.o(.text)
    ADC_GetSoftwareStartConvStatus           0x08003a6d   Thumb Code    20  stm32f4xx_adc.o(.text)
    ADC_EOCOnEachRegularChannelCmd           0x08003a81   Thumb Code    22  stm32f4xx_adc.o(.text)
    ADC_ContinuousModeCmd                    0x08003a97   Thumb Code    22  stm32f4xx_adc.o(.text)
    ADC_DiscModeChannelCountConfig           0x08003aad   Thumb Code    24  stm32f4xx_adc.o(.text)
    ADC_DiscModeCmd                          0x08003ac5   Thumb Code    22  stm32f4xx_adc.o(.text)
    ADC_GetConversionValue                   0x08003adb   Thumb Code     8  stm32f4xx_adc.o(.text)
    ADC_GetMultiModeConversionValue          0x08003ae3   Thumb Code     8  stm32f4xx_adc.o(.text)
    ADC_DMACmd                               0x08003aeb   Thumb Code    22  stm32f4xx_adc.o(.text)
    ADC_DMARequestAfterLastTransferCmd       0x08003b01   Thumb Code    22  stm32f4xx_adc.o(.text)
    ADC_MultiModeDMARequestAfterLastTransferCmd 0x08003b17   Thumb Code    34  stm32f4xx_adc.o(.text)
    ADC_InjectedChannelConfig                0x08003b39   Thumb Code   130  stm32f4xx_adc.o(.text)
    ADC_InjectedSequencerLengthConfig        0x08003bbb   Thumb Code    24  stm32f4xx_adc.o(.text)
    ADC_SetInjectedOffset                    0x08003bd3   Thumb Code    20  stm32f4xx_adc.o(.text)
    ADC_ExternalTrigInjectedConvConfig       0x08003be7   Thumb Code    16  stm32f4xx_adc.o(.text)
    ADC_ExternalTrigInjectedConvEdgeConfig   0x08003bf7   Thumb Code    16  stm32f4xx_adc.o(.text)
    ADC_SoftwareStartInjectedConv            0x08003c07   Thumb Code    10  stm32f4xx_adc.o(.text)
    ADC_GetSoftwareStartInjectedConvCmdStatus 0x08003c11   Thumb Code    20  stm32f4xx_adc.o(.text)
    ADC_AutoInjectedConvCmd                  0x08003c25   Thumb Code    22  stm32f4xx_adc.o(.text)
    ADC_InjectedDiscModeCmd                  0x08003c3b   Thumb Code    22  stm32f4xx_adc.o(.text)
    ADC_GetInjectedConversionValue           0x08003c51   Thumb Code    28  stm32f4xx_adc.o(.text)
    ADC_ITConfig                             0x08003c6d   Thumb Code    56  stm32f4xx_adc.o(.text)
    ADC_GetFlagStatus                        0x08003ca5   Thumb Code    18  stm32f4xx_adc.o(.text)
    ADC_ClearFlag                            0x08003cb7   Thumb Code     6  stm32f4xx_adc.o(.text)
    ADC_GetITStatus                          0x08003cbd   Thumb Code    38  stm32f4xx_adc.o(.text)
    ADC_ClearITPendingBit                    0x08003ce3   Thumb Code    10  stm32f4xx_adc.o(.text)
    arm_cmplx_mag_f32                        0x08003ced   Thumb Code   236  arm_cmplx_mag_f32.o(.text)
    arm_cfft_radix8by2_f32                   0x08003ddd   Thumb Code   388  arm_cfft_f32.o(.text)
    arm_cfft_radix8by4_f32                   0x08003f61   Thumb Code  1042  arm_cfft_f32.o(.text)
    arm_cfft_f32                             0x08004373   Thumb Code   320  arm_cfft_f32.o(.text)
    arm_radix8_butterfly_f32                 0x080044b5   Thumb Code  1244  arm_cfft_radix8_f32.o(.text)
    __use_no_semihosting                     0x08004991   Thumb Code     2  use_no_semi_2.o(.text)
    __2printf                                0x08004995   Thumb Code    20  noretval__2printf.o(.text)
    __use_two_region_memory                  0x080049ad   Thumb Code     2  heapauxi.o(.text)
    __rt_heap_escrow$2region                 0x080049af   Thumb Code     2  heapauxi.o(.text)
    __rt_heap_expand$2region                 0x080049b1   Thumb Code     2  heapauxi.o(.text)
    __I$use$semihosting                      0x080049b3   Thumb Code     0  use_no_semi.o(.text)
    __use_no_semihosting_swi                 0x080049b3   Thumb Code     2  use_no_semi.o(.text)
    __read_errno                             0x080049b5   Thumb Code    10  _rserrno.o(.text)
    __set_errno                              0x080049bf   Thumb Code    12  _rserrno.o(.text)
    _printf_char_file                        0x080049cd   Thumb Code    32  _printf_char_file.o(.text)
    __aeabi_errno_addr                       0x080049f1   Thumb Code     8  rt_errno_addr_intlibspace.o(.text)
    __errno$intlibspace                      0x080049f1   Thumb Code     0  rt_errno_addr_intlibspace.o(.text)
    __rt_errno_addr$intlibspace              0x080049f1   Thumb Code     0  rt_errno_addr_intlibspace.o(.text)
    _printf_char_common                      0x08004a03   Thumb Code    32  _printf_char_common.o(.text)
    ferror                                   0x08004a29   Thumb Code     8  ferror.o(.text)
    __user_libspace                          0x08004a31   Thumb Code     8  libspace.o(.text)
    __user_perproc_libspace                  0x08004a31   Thumb Code     0  libspace.o(.text)
    __user_perthread_libspace                0x08004a31   Thumb Code     0  libspace.o(.text)
    __user_setup_stackheap                   0x08004a39   Thumb Code    74  sys_stackheap_outer.o(.text)
    __printf                                 0x08004a83   Thumb Code    40  __printf_nopercent.o(.text)
    exit                                     0x08004aab   Thumb Code    18  exit.o(.text)
    __hardfp_sqrt                            0x08004abd   Thumb Code   122  sqrt.o(i.__hardfp_sqrt)
    __aeabi_d2f                              0x08004b39   Thumb Code     0  d2f.o(x$fpl$d2f)
    _d2f                                     0x08004b39   Thumb Code    98  d2f.o(x$fpl$d2f)
    __fpl_dnaninf                            0x08004b9b   Thumb Code   156  dnaninf.o(x$fpl$dnaninf)
    __fpl_dretinf                            0x08004c37   Thumb Code    12  dretinf.o(x$fpl$dretinf)
    _dsqrt                                   0x08004c45   Thumb Code   404  dsqrt_umaal.o(x$fpl$dsqrt)
    __aeabi_f2d                              0x08004ddd   Thumb Code     0  f2d.o(x$fpl$f2d)
    _f2d                                     0x08004ddd   Thumb Code    86  f2d.o(x$fpl$f2d)
    __fpl_fnaninf                            0x08004e33   Thumb Code   140  fnaninf.o(x$fpl$fnaninf)
    _fp_init                                 0x08004ebf   Thumb Code    10  fpinit.o(x$fpl$fpinit)
    __fplib_config_fpu_vfp                   0x08004ec7   Thumb Code     0  fpinit.o(x$fpl$fpinit)
    __fplib_config_pureend_doubles           0x08004ec7   Thumb Code     0  fpinit.o(x$fpl$fpinit)
    __fpl_fretinf                            0x08004ec9   Thumb Code    10  fretinf.o(x$fpl$fretinf)
    __I$use$fp                               0x08004ed2   Number         0  usenofp.o(x$fpl$usenofp)
    Blackman                                 0x08004ed4   Data       16384  main.o(.constdata)
    arm_cfft_sR_f32_len16                    0x08008ed4   Data          16  main.o(.constdata)
    arm_cfft_sR_f32_len32                    0x08008ee4   Data          16  main.o(.constdata)
    arm_cfft_sR_f32_len64                    0x08008ef4   Data          16  main.o(.constdata)
    arm_cfft_sR_f32_len128                   0x08008f04   Data          16  main.o(.constdata)
    arm_cfft_sR_f32_len256                   0x08008f14   Data          16  main.o(.constdata)
    arm_cfft_sR_f32_len512                   0x08008f24   Data          16  main.o(.constdata)
    arm_cfft_sR_f32_len1024                  0x08008f34   Data          16  main.o(.constdata)
    arm_cfft_sR_f32_len2048                  0x08008f44   Data          16  main.o(.constdata)
    arm_cfft_sR_f32_len4096                  0x08008f54   Data          16  main.o(.constdata)
    ascii_1608                               0x08008f64   Data        1520  lcd.o(.constdata)
    ascii_3216                               0x08009554   Data        6080  lcd.o(.constdata)
    tfont16                                  0x0800ad14   Data         340  lcd.o(.constdata)
    tfont24                                  0x0800ae68   Data         370  lcd.o(.constdata)
    tfont32                                  0x0800afda   Data         650  lcd.o(.constdata)
    twiddleCoef_16                           0x0800b264   Data         128  arm_common_tables.o(.constdata)
    twiddleCoef_32                           0x0800b2e4   Data         256  arm_common_tables.o(.constdata)
    twiddleCoef_64                           0x0800b3e4   Data         512  arm_common_tables.o(.constdata)
    twiddleCoef_128                          0x0800b5e4   Data        1024  arm_common_tables.o(.constdata)
    twiddleCoef_256                          0x0800b9e4   Data        2048  arm_common_tables.o(.constdata)
    twiddleCoef_512                          0x0800c1e4   Data        4096  arm_common_tables.o(.constdata)
    twiddleCoef_1024                         0x0800d1e4   Data        8192  arm_common_tables.o(.constdata)
    twiddleCoef_2048                         0x0800f1e4   Data       16384  arm_common_tables.o(.constdata)
    twiddleCoef_4096                         0x080131e4   Data       32768  arm_common_tables.o(.constdata)
    armBitRevIndexTable16                    0x0801b1e4   Data          40  arm_common_tables.o(.constdata)
    armBitRevIndexTable32                    0x0801b20c   Data          96  arm_common_tables.o(.constdata)
    armBitRevIndexTable64                    0x0801b26c   Data         112  arm_common_tables.o(.constdata)
    armBitRevIndexTable128                   0x0801b2dc   Data         416  arm_common_tables.o(.constdata)
    armBitRevIndexTable256                   0x0801b47c   Data         880  arm_common_tables.o(.constdata)
    armBitRevIndexTable512                   0x0801b7ec   Data         896  arm_common_tables.o(.constdata)
    armBitRevIndexTable1024                  0x0801bb6c   Data        3600  arm_common_tables.o(.constdata)
    armBitRevIndexTable2048                  0x0801c97c   Data        7616  arm_common_tables.o(.constdata)
    armBitRevIndexTable4096                  0x0801e73c   Data        8064  arm_common_tables.o(.constdata)
    Region$$Table$$Base                      0x080206bc   Number         0  anon$$obj.o(Region$$Table)
    Region$$Table$$Limit                     0x080206dc   Number         0  anon$$obj.o(Region$$Table)
    ADC_temp                                 0x20000000   Data           4  main.o(.data)
    Fs                                       0x20000004   Data           4  main.o(.data)
    FFT_DPI                                  0x20000008   Data           4  main.o(.data)
    max                                      0x2000000c   Data           4  main.o(.data)
    F0                                       0x20000010   Data           4  main.o(.data)
    xiebo_shizhen                            0x20000014   Data           4  main.o(.data)
    xiebo_shizhen1                           0x20000018   Data           4  main.o(.data)
    chuxiang                                 0x2000001c   Data           4  main.o(.data)
    xiangweicha                              0x20000020   Data           4  main.o(.data)
    x                                        0x20000024   Data           2  main.o(.data)
    i                                        0x20000028   Data           4  main.o(.data)
    j                                        0x2000002c   Data           4  main.o(.data)
    fre_temp                                 0x20000030   Data           4  main.o(.data)
    Precent                                  0x20000034   Data           4  main.o(.data)
    N                                        0x20000038   Data           1  main.o(.data)
    n                                        0x20000039   Data           1  main.o(.data)
    cnt                                      0x2000003a   Data           1  main.o(.data)
    max1                                     0x2000003c   Data           4  main.o(.data)
    max2                                     0x20000040   Data           4  main.o(.data)
    m                                        0x20000044   Data           4  main.o(.data)
    num                                      0x20000048   Data           4  main.o(.data)
    count                                    0x2000004c   Data           1  main.o(.data)
    xiebo_cishu                              0x2000004d   Data           1  main.o(.data)
    xiebo_hlcs                               0x2000004e   Data           1  main.o(.data)
    ln                                       0x20000050   Data           4  main.o(.data)
    imax                                     0x20000054   Data           4  main.o(.data)
    FINAL_DHT                                0x20000058   Data           4  main.o(.data)
    SystemCoreClock                          0x2000005c   Data           4  system_stm32f4xx.o(.data)
    AHBPrescTable                            0x20000060   Data          16  system_stm32f4xx.o(.data)
    flag_adc                                 0x20000070   Data           1  adc.o(.data)
    RegularConvCnt                           0x20000071   Data           1  adc.o(.data)
    max_cnt                                  0x20000072   Data           2  adc.o(.data)
    maxtemp_cnt                              0x20000074   Data           1  adc.o(.data)
    __stdout                                 0x2000007c   Data           4  usart.o(.data)
    USART_RX_STA                             0x20000080   Data           2  usart.o(.data)
    fft_inputbuf                             0x20000094   Data        8192  main.o(.bss)
    fft_outputbuf                            0x20002094   Data        4096  main.o(.bss)
    mag                                      0x20003094   Data          80  main.o(.bss)
    xiebo                                    0x200030e4   Data          80  main.o(.bss)
    xiebo_hanliang                           0x20003134   Data          20  main.o(.bss)
    fr                                       0x20003148   Data          80  main.o(.bss)
    xiebo_fr                                 0x20003198   Data          80  main.o(.bss)
    ADCdata                                  0x200031e8   Data        2048  adc.o(.bss)
    ADCFIFO                                  0x200039e8   Data          32  adc.o(.bss)
    USART_RX_BUF                             0x20003a08   Data         200  usart.o(.bss)
    __libspace_start                         0x20003ad0   Data          96  libspace.o(.bss)
    __temporary_stack_top$libspace           0x20003b30   Data           0  libspace.o(.bss)



==============================================================================

Memory Map of the image

  Image Entry point : 0x08000189

  Load Region LR_IROM1 (Base: 0x08000000, Size: 0x00020770, Max: 0x00100000, ABSOLUTE)

    Execution Region ER_IROM1 (Exec base: 0x08000000, Load base: 0x08000000, Size: 0x000206dc, Max: 0x00100000, ABSOLUTE)

    Exec Addr    Load Addr    Size         Type   Attr      Idx    E Section Name        Object

    0x08000000   0x08000000   0x00000188   Data   RO          421    RESET               startup_stm32f40_41xxx.o
    0x08000188   0x08000188   0x00000008   Code   RO          742  * !!!main             c_w.l(__main.o)
    0x08000190   0x08000190   0x00000034   Code   RO          945    !!!scatter          c_w.l(__scatter.o)
    0x080001c4   0x080001c4   0x0000001a   Code   RO          947    !!handler_copy      c_w.l(__scatter_copy.o)
    0x080001de   0x080001de   0x00000002   PAD
    0x080001e0   0x080001e0   0x0000001c   Code   RO          949    !!handler_zi        c_w.l(__scatter_zi.o)
    0x080001fc   0x080001fc   0x0000006a   Code   RO          708    . text              arm_cortexM4lf_math.lib(arm_bitreversal2.o)
    0x08000266   0x08000266   0x00000002   Code   RO          822    .ARM.Collect$$libinit$$00000000  c_w.l(libinit.o)
    0x08000268   0x08000268   0x00000004   Code   RO          825    .ARM.Collect$$libinit$$00000001  c_w.l(libinit2.o)
    0x0800026c   0x0800026c   0x00000000   Code   RO          828    .ARM.Collect$$libinit$$00000004  c_w.l(libinit2.o)
    0x0800026c   0x0800026c   0x00000000   Code   RO          831    .ARM.Collect$$libinit$$0000000A  c_w.l(libinit2.o)
    0x0800026c   0x0800026c   0x00000000   Code   RO          833    .ARM.Collect$$libinit$$0000000C  c_w.l(libinit2.o)
    0x0800026c   0x0800026c   0x00000000   Code   RO          835    .ARM.Collect$$libinit$$0000000E  c_w.l(libinit2.o)
    0x0800026c   0x0800026c   0x00000000   Code   RO          838    .ARM.Collect$$libinit$$00000011  c_w.l(libinit2.o)
    0x0800026c   0x0800026c   0x00000000   Code   RO          840    .ARM.Collect$$libinit$$00000013  c_w.l(libinit2.o)
    0x0800026c   0x0800026c   0x00000000   Code   RO          842    .ARM.Collect$$libinit$$00000015  c_w.l(libinit2.o)
    0x0800026c   0x0800026c   0x00000000   Code   RO          844    .ARM.Collect$$libinit$$00000017  c_w.l(libinit2.o)
    0x0800026c   0x0800026c   0x00000000   Code   RO          846    .ARM.Collect$$libinit$$00000019  c_w.l(libinit2.o)
    0x0800026c   0x0800026c   0x00000000   Code   RO          848    .ARM.Collect$$libinit$$0000001B  c_w.l(libinit2.o)
    0x0800026c   0x0800026c   0x00000000   Code   RO          850    .ARM.Collect$$libinit$$0000001D  c_w.l(libinit2.o)
    0x0800026c   0x0800026c   0x00000000   Code   RO          852    .ARM.Collect$$libinit$$0000001F  c_w.l(libinit2.o)
    0x0800026c   0x0800026c   0x00000000   Code   RO          854    .ARM.Collect$$libinit$$00000021  c_w.l(libinit2.o)
    0x0800026c   0x0800026c   0x00000000   Code   RO          856    .ARM.Collect$$libinit$$00000023  c_w.l(libinit2.o)
    0x0800026c   0x0800026c   0x00000000   Code   RO          858    .ARM.Collect$$libinit$$00000025  c_w.l(libinit2.o)
    0x0800026c   0x0800026c   0x00000000   Code   RO          862    .ARM.Collect$$libinit$$0000002C  c_w.l(libinit2.o)
    0x0800026c   0x0800026c   0x00000000   Code   RO          864    .ARM.Collect$$libinit$$0000002E  c_w.l(libinit2.o)
    0x0800026c   0x0800026c   0x00000000   Code   RO          866    .ARM.Collect$$libinit$$00000030  c_w.l(libinit2.o)
    0x0800026c   0x0800026c   0x00000000   Code   RO          868    .ARM.Collect$$libinit$$00000032  c_w.l(libinit2.o)
    0x0800026c   0x0800026c   0x00000002   Code   RO          869    .ARM.Collect$$libinit$$00000033  c_w.l(libinit2.o)
    0x0800026e   0x0800026e   0x00000002   Code   RO          887    .ARM.Collect$$libshutdown$$00000000  c_w.l(libshutdown.o)
    0x08000270   0x08000270   0x00000000   Code   RO          897    .ARM.Collect$$libshutdown$$00000002  c_w.l(libshutdown2.o)
    0x08000270   0x08000270   0x00000000   Code   RO          899    .ARM.Collect$$libshutdown$$00000004  c_w.l(libshutdown2.o)
    0x08000270   0x08000270   0x00000000   Code   RO          902    .ARM.Collect$$libshutdown$$00000007  c_w.l(libshutdown2.o)
    0x08000270   0x08000270   0x00000000   Code   RO          905    .ARM.Collect$$libshutdown$$0000000A  c_w.l(libshutdown2.o)
    0x08000270   0x08000270   0x00000000   Code   RO          907    .ARM.Collect$$libshutdown$$0000000C  c_w.l(libshutdown2.o)
    0x08000270   0x08000270   0x00000000   Code   RO          910    .ARM.Collect$$libshutdown$$0000000F  c_w.l(libshutdown2.o)
    0x08000270   0x08000270   0x00000002   Code   RO          911    .ARM.Collect$$libshutdown$$00000010  c_w.l(libshutdown2.o)
    0x08000272   0x08000272   0x00000000   Code   RO          762    .ARM.Collect$$rtentry$$00000000  c_w.l(__rtentry.o)
    0x08000272   0x08000272   0x00000000   Code   RO          781    .ARM.Collect$$rtentry$$00000002  c_w.l(__rtentry2.o)
    0x08000272   0x08000272   0x00000006   Code   RO          793    .ARM.Collect$$rtentry$$00000004  c_w.l(__rtentry4.o)
    0x08000278   0x08000278   0x00000000   Code   RO          783    .ARM.Collect$$rtentry$$00000009  c_w.l(__rtentry2.o)
    0x08000278   0x08000278   0x00000004   Code   RO          784    .ARM.Collect$$rtentry$$0000000A  c_w.l(__rtentry2.o)
    0x0800027c   0x0800027c   0x00000000   Code   RO          786    .ARM.Collect$$rtentry$$0000000C  c_w.l(__rtentry2.o)
    0x0800027c   0x0800027c   0x00000008   Code   RO          787    .ARM.Collect$$rtentry$$0000000D  c_w.l(__rtentry2.o)
    0x08000284   0x08000284   0x00000002   Code   RO          823    .ARM.Collect$$rtexit$$00000000  c_w.l(rtexit.o)
    0x08000286   0x08000286   0x00000000   Code   RO          871    .ARM.Collect$$rtexit$$00000002  c_w.l(rtexit2.o)
    0x08000286   0x08000286   0x00000004   Code   RO          872    .ARM.Collect$$rtexit$$00000003  c_w.l(rtexit2.o)
    0x0800028a   0x0800028a   0x00000006   Code   RO          873    .ARM.Collect$$rtexit$$00000004  c_w.l(rtexit2.o)
    0x08000290   0x08000290   0x000004f4   Code   RO            3    .text               main.o
    0x08000784   0x08000784   0x0000001a   Code   RO          182    .text               stm32f4xx_it.o
    0x0800079e   0x0800079e   0x00000002   PAD
    0x080007a0   0x080007a0   0x00000210   Code   RO          231    .text               system_stm32f4xx.o
    0x080009b0   0x080009b0   0x00000398   Code   RO          277    .text               lcd_init.o
    0x08000d48   0x08000d48   0x00000880   Code   RO          297    .text               lcd.o
    0x080015c8   0x080015c8   0x000001c0   Code   RO          323    .text               adc.o
    0x08001788   0x08001788   0x00000104   Code   RO          350    .text               delay.o
    0x0800188c   0x0800188c   0x0000014c   Code   RO          390    .text               usart.o
    0x080019d8   0x080019d8   0x00000040   Code   RO          422    .text               startup_stm32f40_41xxx.o
    0x08001a18   0x08001a18   0x000000e0   Code   RO          428    .text               misc.o
    0x08001af8   0x08001af8   0x00000294   Code   RO          448    .text               stm32f4xx_gpio.o
    0x08001d8c   0x08001d8c   0x0000065c   Code   RO          468    .text               stm32f4xx_rcc.o
    0x080023e8   0x080023e8   0x00000454   Code   RO          490    .text               stm32f4xx_usart.o
    0x0800283c   0x0800283c   0x00000ca2   Code   RO          530    .text               stm32f4xx_tim.o
    0x080034de   0x080034de   0x00000002   PAD
    0x080034e0   0x080034e0   0x000003a8   Code   RO          550    .text               stm32f4xx_dma.o
    0x08003888   0x08003888   0x00000464   Code   RO          570    .text               stm32f4xx_adc.o
    0x08003cec   0x08003cec   0x000000f0   Code   RO          590    .text               arm_cortexM4lf_math.lib(arm_cmplx_mag_f32.o)
    0x08003ddc   0x08003ddc   0x000006d6   Code   RO          635    .text               arm_cortexM4lf_math.lib(arm_cfft_f32.o)
    0x080044b2   0x080044b2   0x00000002   PAD
    0x080044b4   0x080044b4   0x000004dc   Code   RO          714    .text               arm_cortexM4lf_math.lib(arm_cfft_radix8_f32.o)
    0x08004990   0x08004990   0x00000002   Code   RO          734    .text               c_w.l(use_no_semi_2.o)
    0x08004992   0x08004992   0x00000002   PAD
    0x08004994   0x08004994   0x00000018   Code   RO          738    .text               c_w.l(noretval__2printf.o)
    0x080049ac   0x080049ac   0x00000006   Code   RO          740    .text               c_w.l(heapauxi.o)
    0x080049b2   0x080049b2   0x00000002   Code   RO          760    .text               c_w.l(use_no_semi.o)
    0x080049b4   0x080049b4   0x00000016   Code   RO          763    .text               c_w.l(_rserrno.o)
    0x080049ca   0x080049ca   0x00000002   PAD
    0x080049cc   0x080049cc   0x00000024   Code   RO          765    .text               c_w.l(_printf_char_file.o)
    0x080049f0   0x080049f0   0x00000008   Code   RO          798    .text               c_w.l(rt_errno_addr_intlibspace.o)
    0x080049f8   0x080049f8   0x00000030   Code   RO          800    .text               c_w.l(_printf_char_common.o)
    0x08004a28   0x08004a28   0x00000008   Code   RO          802    .text               c_w.l(ferror.o)
    0x08004a30   0x08004a30   0x00000008   Code   RO          808    .text               c_w.l(libspace.o)
    0x08004a38   0x08004a38   0x0000004a   Code   RO          811    .text               c_w.l(sys_stackheap_outer.o)
    0x08004a82   0x08004a82   0x00000028   Code   RO          813    .text               c_w.l(__printf_nopercent.o)
    0x08004aaa   0x08004aaa   0x00000012   Code   RO          815    .text               c_w.l(exit.o)
    0x08004abc   0x08004abc   0x0000007a   Code   RO          748    i.__hardfp_sqrt     m_wm.l(sqrt.o)
    0x08004b36   0x08004b36   0x00000002   PAD
    0x08004b38   0x08004b38   0x00000062   Code   RO          744    x$fpl$d2f           fz_wm.l(d2f.o)
    0x08004b9a   0x08004b9a   0x0000009c   Code   RO          769    x$fpl$dnaninf       fz_wm.l(dnaninf.o)
    0x08004c36   0x08004c36   0x0000000c   Code   RO          771    x$fpl$dretinf       fz_wm.l(dretinf.o)
    0x08004c42   0x08004c42   0x00000002   PAD
    0x08004c44   0x08004c44   0x00000198   Code   RO          773    x$fpl$dsqrt         fz_wm.l(dsqrt_umaal.o)
    0x08004ddc   0x08004ddc   0x00000056   Code   RO          746    x$fpl$f2d           fz_wm.l(f2d.o)
    0x08004e32   0x08004e32   0x0000008c   Code   RO          775    x$fpl$fnaninf       fz_wm.l(fnaninf.o)
    0x08004ebe   0x08004ebe   0x0000000a   Code   RO          879    x$fpl$fpinit        fz_wm.l(fpinit.o)
    0x08004ec8   0x08004ec8   0x0000000a   Code   RO          777    x$fpl$fretinf       fz_wm.l(fretinf.o)
    0x08004ed2   0x08004ed2   0x00000000   Code   RO          779    x$fpl$usenofp       fz_wm.l(usenofp.o)
    0x08004ed2   0x08004ed2   0x00000002   PAD
    0x08004ed4   0x08004ed4   0x00004090   Data   RO            5    .constdata          main.o
    0x08008f64   0x08008f64   0x00002300   Data   RO          298    .constdata          lcd.o
    0x0800b264   0x0800b264   0x00000080   Data   RO          660    .constdata          arm_cortexM4lf_math.lib(arm_common_tables.o)
    0x0800b2e4   0x0800b2e4   0x00000100   Data   RO          661    .constdata          arm_cortexM4lf_math.lib(arm_common_tables.o)
    0x0800b3e4   0x0800b3e4   0x00000200   Data   RO          662    .constdata          arm_cortexM4lf_math.lib(arm_common_tables.o)
    0x0800b5e4   0x0800b5e4   0x00000400   Data   RO          663    .constdata          arm_cortexM4lf_math.lib(arm_common_tables.o)
    0x0800b9e4   0x0800b9e4   0x00000800   Data   RO          664    .constdata          arm_cortexM4lf_math.lib(arm_common_tables.o)
    0x0800c1e4   0x0800c1e4   0x00001000   Data   RO          665    .constdata          arm_cortexM4lf_math.lib(arm_common_tables.o)
    0x0800d1e4   0x0800d1e4   0x00002000   Data   RO          666    .constdata          arm_cortexM4lf_math.lib(arm_common_tables.o)
    0x0800f1e4   0x0800f1e4   0x00004000   Data   RO          667    .constdata          arm_cortexM4lf_math.lib(arm_common_tables.o)
    0x080131e4   0x080131e4   0x00008000   Data   RO          668    .constdata          arm_cortexM4lf_math.lib(arm_common_tables.o)
    0x0801b1e4   0x0801b1e4   0x00000028   Data   RO          673    .constdata          arm_cortexM4lf_math.lib(arm_common_tables.o)
    0x0801b20c   0x0801b20c   0x00000060   Data   RO          674    .constdata          arm_cortexM4lf_math.lib(arm_common_tables.o)
    0x0801b26c   0x0801b26c   0x00000070   Data   RO          675    .constdata          arm_cortexM4lf_math.lib(arm_common_tables.o)
    0x0801b2dc   0x0801b2dc   0x000001a0   Data   RO          676    .constdata          arm_cortexM4lf_math.lib(arm_common_tables.o)
    0x0801b47c   0x0801b47c   0x00000370   Data   RO          677    .constdata          arm_cortexM4lf_math.lib(arm_common_tables.o)
    0x0801b7ec   0x0801b7ec   0x00000380   Data   RO          678    .constdata          arm_cortexM4lf_math.lib(arm_common_tables.o)
    0x0801bb6c   0x0801bb6c   0x00000e10   Data   RO          679    .constdata          arm_cortexM4lf_math.lib(arm_common_tables.o)
    0x0801c97c   0x0801c97c   0x00001dc0   Data   RO          680    .constdata          arm_cortexM4lf_math.lib(arm_common_tables.o)
    0x0801e73c   0x0801e73c   0x00001f80   Data   RO          681    .constdata          arm_cortexM4lf_math.lib(arm_common_tables.o)
    0x080206bc   0x080206bc   0x00000020   Data   RO          943    Region$$Table       anon$$obj.o


    Execution Region RW_IRAM1 (Exec base: 0x20000000, Load base: 0x080206dc, Size: 0x00004130, Max: 0x00020000, ABSOLUTE)

    Exec Addr    Load Addr    Size         Type   Attr      Idx    E Section Name        Object

    0x20000000   0x080206dc   0x0000005c   Data   RW            6    .data               main.o
    0x2000005c   0x08020738   0x00000014   Data   RW          232    .data               system_stm32f4xx.o
    0x20000070   0x0802074c   0x00000005   Data   RW          325    .data               adc.o
    0x20000075   0x08020751   0x00000001   PAD
    0x20000076   0x08020752   0x00000004   Data   RW          351    .data               delay.o
    0x2000007a   0x08020756   0x00000002   PAD
    0x2000007c   0x08020758   0x00000006   Data   RW          392    .data               usart.o
    0x20000082   0x0802075e   0x00000010   Data   RW          469    .data               stm32f4xx_rcc.o
    0x20000092   0x0802076e   0x00000002   PAD
    0x20000094        -       0x00003154   Zero   RW            4    .bss                main.o
    0x200031e8        -       0x00000820   Zero   RW          324    .bss                adc.o
    0x20003a08        -       0x000000c8   Zero   RW          391    .bss                usart.o
    0x20003ad0        -       0x00000060   Zero   RW          809    .bss                c_w.l(libspace.o)
    0x20003b30        -       0x00000200   Zero   RW          420    HEAP                startup_stm32f40_41xxx.o
    0x20003d30        -       0x00000400   Zero   RW          419    STACK               startup_stm32f40_41xxx.o


==============================================================================

Image component sizes


      Code (inc. data)   RO Data    RW Data    ZI Data      Debug   Object Name

       448         28          0          5       2080       2017   adc.o
       260          8          0          4          0       1461   delay.o
      2176         24       8960          0          0       9482   lcd.o
       920         14          0          0          0       2146   lcd_init.o
      1268        134      16528         92      12628     325128   main.o
       224         20          0          0          0       1797   misc.o
        64         26        392          0       1536        824   startup_stm32f40_41xxx.o
      1124         24          0          0          0      10666   stm32f4xx_adc.o
       936         32          0          0          0       6373   stm32f4xx_dma.o
       660         44          0          0          0       4137   stm32f4xx_gpio.o
        26          0          0          0          0       1210   stm32f4xx_it.o
      1628         52          0         16          0      13004   stm32f4xx_rcc.o
      3234         60          0          0          0      22992   stm32f4xx_tim.o
      1108         34          0          0          0       7860   stm32f4xx_usart.o
       528         46          0         20          0       1747   system_stm32f4xx.o
       332         18          0          6        200       3306   usart.o

    ----------------------------------------------------------------------
     14940        564      25912        148      16444     414150   Object Totals
         0          0         32          0          0          0   (incl. Generated)
         4          0          0          5          0          0   (incl. Padding)

    ----------------------------------------------------------------------

      Code (inc. data)   RO Data    RW Data    ZI Data      Debug   Library Member Name

       106          0          0          0          0        420   arm_bitreversal2.o
      1750          0          0          0          0       3469   arm_cfft_f32.o
      1244          4          0          0          0       2339   arm_cfft_radix8_f32.o
       240          4          0          0          0      16312   arm_cmplx_mag_f32.o
         0          0      87128          0          0       2517   arm_common_tables.o
         8          0          0          0          0         68   __main.o
        40          0          0          0          0         84   __printf_nopercent.o
         0          0          0          0          0          0   __rtentry.o
        12          0          0          0          0          0   __rtentry2.o
         6          0          0          0          0          0   __rtentry4.o
        52          8          0          0          0          0   __scatter.o
        26          0          0          0          0          0   __scatter_copy.o
        28          0          0          0          0          0   __scatter_zi.o
        48          6          0          0          0         96   _printf_char_common.o
        36          4          0          0          0         80   _printf_char_file.o
        22          0          0          0          0        100   _rserrno.o
        18          0          0          0          0         80   exit.o
         8          0          0          0          0         68   ferror.o
         6          0          0          0          0        152   heapauxi.o
         2          0          0          0          0          0   libinit.o
         6          0          0          0          0          0   libinit2.o
         2          0          0          0          0          0   libshutdown.o
         2          0          0          0          0          0   libshutdown2.o
         8          4          0          0         96         68   libspace.o
        24          4          0          0          0         84   noretval__2printf.o
         8          4          0          0          0         68   rt_errno_addr_intlibspace.o
         2          0          0          0          0          0   rtexit.o
        10          0          0          0          0          0   rtexit2.o
        74          0          0          0          0         80   sys_stackheap_outer.o
         2          0          0          0          0         68   use_no_semi.o
         2          0          0          0          0         68   use_no_semi_2.o
        98          4          0          0          0        140   d2f.o
       156          4          0          0          0        140   dnaninf.o
        12          0          0          0          0        116   dretinf.o
       408         56          0          0          0        168   dsqrt_umaal.o
        86          4          0          0          0        132   f2d.o
       140          4          0          0          0        132   fnaninf.o
        10          0          0          0          0        116   fpinit.o
        10          0          0          0          0        116   fretinf.o
         0          0          0          0          0          0   usenofp.o
       122          0          0          0          0        148   sqrt.o

    ----------------------------------------------------------------------
      4848        110      87128          0         96      27429   Library Totals
        14          0          0          0          0          0   (incl. Padding)

    ----------------------------------------------------------------------

      Code (inc. data)   RO Data    RW Data    ZI Data      Debug   Library Name

      3340          8      87128          0          0      25057   arm_cortexM4lf_math.lib
       452         30          0          0         96       1164   c_w.l
       920         72          0          0          0       1060   fz_wm.l
       122          0          0          0          0        148   m_wm.l

    ----------------------------------------------------------------------
      4848        110      87128          0         96      27429   Library Totals

    ----------------------------------------------------------------------

==============================================================================


      Code (inc. data)   RO Data    RW Data    ZI Data      Debug   

     19788        674     113040        148      16540     436659   Grand Totals
     19788        674     113040        148      16540     436659   ELF Image Totals
     19788        674     113040        148          0          0   ROM Totals

==============================================================================

    Total RO  Size (Code + RO Data)               132828 ( 129.71kB)
    Total RW  Size (RW Data + ZI Data)             16688 (  16.30kB)
    Total ROM Size (Code + RO Data + RW Data)     132976 ( 129.86kB)

==============================================================================

